
Memory Configuration

Name             Origin             Length             Attributes
*default*        0x00000000         0xffffffff

Linker script and memory map

Address of section .text set to 0x0
LOAD boot_os.o
LOAD PlasmaBootLoader.o

.text           0x00000000     0x1310
                0x00000000                _ftext=.
 *(.text)
 .text          0x00000000      0x200 boot_os.o
                0x000001a8                longjmp
                0x00000000                entry
                0x00000170                setjmp
                0x0000004c                OS_GetHeap
                0x000001e0                OS_AsmMult
                0x00000080                interrupt_service_routine
                0x000001f4                OS_Syscall
                0x00000068                OS_AsmInterruptEnable
                0x0000005c                OS_DefaultISR
 .text          0x00000200     0x1110 PlasmaBootLoader.o
                0x00000310                readChar
                0x00000510                FlashSpiReadBuffer
                0x00000200                print
                0x00000758                WriteDisable
                0x000006c0                FlashSpiWrite
                0x00000ac8                ElfSetReadFunctionPtr
                0x00000e1c                AdvanceToFileOffset
                0x0000039c                FlashSpiStart
                0x00000898                ReadDioVecr
                0x000006f4                FlashReadMemory
                0x00000ad4                ElfReadFileHeader
                0x000005a8                FlashSpiEnd
                0x00000840                ReadSpiVecr
                0x00000948                ReadVecr
                0x000009a0                FlashInit
                0x00000264                write
                0x00000bac                IsInvalidElfFile
                0x00000e9c                ElfReadFile
                0x00000238                printLine
                0x000003cc                FlashSpiWriteBuffer
                0x00001114                ElfBranch
                0x000002c0                read
                0x00000c54                ReadProgramHeaders
                0x00000688                FlashSpiRead
                0x00000800                ReadNonVolatileConfigurationRegister
                0x000008f0                ReadQioVecr
                0x00000358                writeChar
                0x00001224                main
                0x000005bc                FlashSpiTransaction
                0x00000728                WriteEnable
                0x000004d4                FlashSpiAddress
                0x00000788                ReadVolatileConfigurationRegister
                0x000004a8                FlashSpiCommand
                0x00001160                InitUart
                0x00001174                ReadFlash
                0x00001138                InitFlash
                0x000011b4                ReadAndEchoUart
 *(.stub)
 *(.gnu.warning)
 *(.gnu.linkonce.t*)
 *(.mips16.fn.*)
 *(.mips16.call.*)

.init
 *(.init)

.fini
 *(.fini)
                0x00001310                _ecode=.

.reginfo        0x00001310       0x18
 *(.reginfo)
 .reginfo       0x00001310       0x18 boot_os.o
 .reginfo       0x00001328       0x18 PlasmaBootLoader.o

.ctors
 *(.ctors)

.dtors
 *(.dtors)

.eh_frame
 *(.eh_frame)

.gcc_except_table
 *(.gcc_except_table)

.sdeinit
 *(.sdeinit)

.sdefini
 *(.sdefini)

.rodata         0x00001328        0x3
 *(.rodata)
 .rodata        0x00001328        0x3 PlasmaBootLoader.o
 *(.rdata)
 *(.gnu.linkonce.r*)

.rodata1
 *(.rodata1)
                0x0000132b                _etext=.
                0x0000132b                PROVIDE (etext, .)

.data           0x0000132b       0x28
                0x0000132b                _fdata=.
 *(.data)
 *fill*         0x0000132b        0x1
 .data          0x0000132c       0x27 PlasmaBootLoader.o
                0x00001348                FLASH_CODE_CNT
                0x00001344                FLASH_CODE_TRIS
                0x0000134c                FLASH_CODE_RSHIFT
                0x00001350                FLASH_CODE_STEPS
                0x00001340                FLASH_CODE_LINES
                0x0000132c                FLASH_LINES
 *(.gnu.linkonce.d*)

.data1
 *(.data1)
                0x00009343                _gp=(.+0x7ff0)

.lit8
 *(.lit8)

.lit4
 *(.lit4)

.sdata          0x00001354       0x2c
 *(.sdata)
 .sdata         0x00001354       0x2c PlasmaBootLoader.o
                0x00001360                IrqVectorReg
                0x0000137c                FlashReadPosition
                0x00001378                ElfProgramOffset
                0x0000135c                IrqStatusClrReg
                0x00001370                ExpectedMipsHeader
                0x00001368                FlashStatus
                0x00001364                IrqMaskReg
                0x00001354                ReadOnlyMemoryGuard
                0x00001358                IrqStatusReg
                0x0000136c                ReadFunctionPtr
 *(.gnu.linkonce.s*)
                0x00001380                _edata=.
                0x00001380                PROVIDE (edata, .)
                0x00001380                .=ALIGN(0x8)
                0x00001380                __bss_start=.
                0x00001380                _fbss=__bss_start

.sbss
 *(.sbss)
 *(.scommon)

.bss            0x00001380        0x0
 *(.dynbss)
 *(.bss)
 *(COMMON)
                0x00001380                _end=.
                0x00001380                PROVIDE (end, .)

.stab
 *(.stab)

.stabstr
 *(.stabstr)

.comment
 *(.comment)

.debug
 *(.debug)

.line
 *(.line)

.debug_srcinfo
 *(.debug_srcinfo)

.debug_sfnames
 *(.debug_sfnames)

.debug_aranges
 *(.debug_aranges)

.debug_pubnames
 *(.debug_pubnames)

.debug_info
 *(.debug_info)

.debug_abbrev
 *(.debug_abbrev)

.debug_line
 *(.debug_line)

.debug_frame
 *(.debug_frame)

.debug_str
 *(.debug_str)

.debug_loc
 *(.debug_loc)

.debug_macinfo
 *(.debug_macinfo)

.debug_weaknames
 *(.debug_weaknames)

.debug_funcnames
 *(.debug_funcnames)

.debug_typenames
 *(.debug_typenames)

.debug_varnames
 *(.debug_varnames)

.mdebug
 *(.mdebug)

.rel.text
 *(.rel.text)
 *(.rel.gnu.linkonce.t*)

.rela.text
 *(.rela.text)
 *(.rela.gnu.linkonce.t*)

.rel.data
 *(.rel.data)
 *(.rel.gnu.linkonce.d*)

.rela.data
 *(.rela.data)
 *(.rela.gnu.linkonce.d*)

.rel.sdata
 *(.rel.sdata)
 *(.rel.gnu.linkonce.s*)

.rela.sdata
 *(.rela.sdata)
 *(.rela.gnu.linkonce.s*)

.rel.rodata
 *(.rel.rodata)
 *(.rel.gnu.linkonce.r*)

.rela.rodata
 *(.rela.rodata)
 *(.rela.gnu.linkonce.r*)

.gptab.sdata
 *(.gptab.data)
 *(.gptab.sdata)

.gptab.sbss
 *(.gptab.bss)
 *(.gptab.sbss)
OUTPUT(test.axf elf32-bigmips)
