
Allocating common symbols
Common symbol       size              file

rxBuf               0x4               PlasmaBootLoader.o
offset              0x4               PlasmaBootLoader.o

Memory Configuration

Name             Origin             Length             Attributes
*default*        0x00000000         0xffffffff

Linker script and memory map

Address of section .text set to 0x40000000
LOAD ..\..\Tools\lib\boot.o
LOAD PlasmaBootLoader.o

.text           0x40000000      0x3f8
                0x40000000                _ftext=.
 *(.text)
 .text          0x40000000       0x88 ..\..\Tools\lib\boot.o
                0x40000050                longjmp
                0x40000000                entry
                0x40000018                setjmp
                0x4000000c                OS_AsmInterruptEnable
 .text          0x40000088      0x370 PlasmaBootLoader.o
                0x40000198                readChar
                0x40000224                ISR
                0x40000088                print
                0x40000250                FlashBootLoad
                0x400000ec                write
                0x400000c0                printLine
                0x40000148                read
                0x400001e0                writeChar
                0x40000370                main
                0x40000258                UartReadInt
                0x400002b4                UartBootLoad
 *(.stub)
 *(.gnu.warning)
 *(.gnu.linkonce.t*)
 *(.mips16.fn.*)
 *(.mips16.call.*)

.init
 *(.init)

.fini
 *(.fini)
                0x400003f8                _ecode=.

.reginfo        0x400003f8       0x18
 *(.reginfo)
 .reginfo       0x400003f8       0x18 ..\..\Tools\lib\boot.o
 .reginfo       0x40000410       0x18 PlasmaBootLoader.o

.ctors
 *(.ctors)

.dtors
 *(.dtors)

.eh_frame
 *(.eh_frame)

.gcc_except_table
 *(.gcc_except_table)

.sdeinit
 *(.sdeinit)

.sdefini
 *(.sdefini)

.rodata         0x40000410        0x3
 *(.rodata)
 .rodata        0x40000410        0x3 PlasmaBootLoader.o
 *(.rdata)
 *(.gnu.linkonce.r*)

.rodata1
 *(.rodata1)
                0x40000413                _etext=.
                0x40000413                PROVIDE (etext, .)

.data           0x40000413        0x0
                0x40000413                _fdata=.
 *(.data)
 *(.gnu.linkonce.d*)

.data1
 *(.data1)
                0x40008403                _gp=(.+0x7ff0)

.lit8
 *(.lit8)

.lit4
 *(.lit4)

.sdata
 *(.sdata)
 *(.gnu.linkonce.s*)
                0x40000413                _edata=.
                0x40000413                PROVIDE (edata, .)
                0x40000418                .=ALIGN(0x8)
                0x40000413                __bss_start=.
                0x40000418                _fbss=__bss_start

.sbss           0x40000418        0x8
 *(.sbss)
 *(.scommon)
 .scommon       0x40000418        0x8 PlasmaBootLoader.o
                0x40000418                rxBuf
                0x4000041c                offset

.bss            0x40000420        0x0
 *(.dynbss)
 *(.bss)
 *(COMMON)
                0x40000420                _end=.
                0x40000420                PROVIDE (end, .)

.stab
 *(.stab)

.stabstr
 *(.stabstr)

.comment
 *(.comment)

.debug
 *(.debug)

.line
 *(.line)

.debug_srcinfo
 *(.debug_srcinfo)

.debug_sfnames
 *(.debug_sfnames)

.debug_aranges
 *(.debug_aranges)

.debug_pubnames
 *(.debug_pubnames)

.debug_info
 *(.debug_info)

.debug_abbrev
 *(.debug_abbrev)

.debug_line
 *(.debug_line)

.debug_frame
 *(.debug_frame)

.debug_str
 *(.debug_str)

.debug_loc
 *(.debug_loc)

.debug_macinfo
 *(.debug_macinfo)

.debug_weaknames
 *(.debug_weaknames)

.debug_funcnames
 *(.debug_funcnames)

.debug_typenames
 *(.debug_typenames)

.debug_varnames
 *(.debug_varnames)

.mdebug
 *(.mdebug)

.rel.text
 *(.rel.text)
 *(.rel.gnu.linkonce.t*)

.rela.text
 *(.rela.text)
 *(.rela.gnu.linkonce.t*)

.rel.data
 *(.rel.data)
 *(.rel.gnu.linkonce.d*)

.rela.data
 *(.rela.data)
 *(.rela.gnu.linkonce.d*)

.rel.sdata
 *(.rel.sdata)
 *(.rel.gnu.linkonce.s*)

.rela.sdata
 *(.rela.sdata)
 *(.rela.gnu.linkonce.s*)

.rel.rodata
 *(.rel.rodata)
 *(.rel.gnu.linkonce.r*)

.rela.rodata
 *(.rela.rodata)
 *(.rela.gnu.linkonce.r*)

.gptab.sdata
 *(.gptab.data)
 *(.gptab.sdata)

.gptab.sbss
 *(.gptab.bss)
 *(.gptab.sbss)
OUTPUT(test.axf elf32-bigmips)
