
Allocating common symbols
Common symbol       size              file

InitStack           0x200             ..\..\Tools\lib\boot_os.o
rxBuf               0x4               PlasmaBootLoader.o
offset              0x4               PlasmaBootLoader.o

Memory Configuration

Name             Origin             Length             Attributes
*default*        0x00000000         0xffffffff

Linker script and memory map

Address of section .text set to 0x0
LOAD ..\..\Tools\lib\boot_os.o
LOAD PlasmaBootLoader.o

.text           0x00000000      0x5c0
                0x00000000                _ftext=.
 *(.text)
 .text          0x00000000      0x1e4 ..\..\Tools\lib\boot_os.o
                0x0000018c                longjmp
                0x00000000                entry
                0x00000154                setjmp
                0x000001c4                OS_AsmMult
                0x00000058                interrupt_service_routine
                0x000001d8                OS_Syscall
                0x00000148                OS_AsmInterruptEnable
                0x0000004c                OS_DefaultISR
 .text          0x000001e4      0x3dc PlasmaBootLoader.o
                0x000002f4                readChar
                0x00000380                ISR
                0x000001e4                print
                0x000003ac                FlashBootLoad
                0x00000248                write
                0x0000021c                printLine
                0x000002a4                read
                0x0000033c                writeChar
                0x00000540                main
                0x000003b4                UartBootLoad
 *(.stub)
 *(.gnu.warning)
 *(.gnu.linkonce.t*)
 *(.mips16.fn.*)
 *(.mips16.call.*)

.init
 *(.init)

.fini
 *(.fini)
                0x000005c0                _ecode=.

.reginfo        0x000005c0       0x18
 *(.reginfo)
 .reginfo       0x000005c0       0x18 ..\..\Tools\lib\boot_os.o
 .reginfo       0x000005d8       0x18 PlasmaBootLoader.o

.ctors
 *(.ctors)

.dtors
 *(.dtors)

.eh_frame
 *(.eh_frame)

.gcc_except_table
 *(.gcc_except_table)

.sdeinit
 *(.sdeinit)

.sdefini
 *(.sdefini)

.rodata         0x000005d8        0x3
 *(.rodata)
 .rodata        0x000005d8        0x3 PlasmaBootLoader.o
 *(.rdata)
 *(.gnu.linkonce.r*)

.rodata1
 *(.rodata1)
                0x000005db                _etext=.
                0x000005db                PROVIDE (etext, .)

.data           0x000005db        0x0
                0x000005db                _fdata=.
 *(.data)
 *(.gnu.linkonce.d*)

.data1
 *(.data1)
                0x000085cb                _gp=(.+0x7ff0)

.lit8
 *(.lit8)

.lit4
 *(.lit4)

.sdata
 *(.sdata)
 *(.gnu.linkonce.s*)
                0x000005db                _edata=.
                0x000005db                PROVIDE (edata, .)
                0x000005e0                .=ALIGN(0x8)
                0x000005db                __bss_start=.
                0x000005e0                _fbss=__bss_start

.sbss           0x000005e0        0x8
 *(.sbss)
 *(.scommon)
 .scommon       0x000005e0        0x8 PlasmaBootLoader.o
                0x000005e0                rxBuf
                0x000005e4                offset

.bss            0x000005f0      0x200
 *(.dynbss)
 *(.bss)
 *(COMMON)
 COMMON         0x000005f0      0x200 ..\..\Tools\lib\boot_os.o
                0x000005f0                InitStack
                0x000007f0                _end=.
                0x000007f0                PROVIDE (end, .)

.stab
 *(.stab)

.stabstr
 *(.stabstr)

.comment
 *(.comment)

.debug
 *(.debug)

.line
 *(.line)

.debug_srcinfo
 *(.debug_srcinfo)

.debug_sfnames
 *(.debug_sfnames)

.debug_aranges
 *(.debug_aranges)

.debug_pubnames
 *(.debug_pubnames)

.debug_info
 *(.debug_info)

.debug_abbrev
 *(.debug_abbrev)

.debug_line
 *(.debug_line)

.debug_frame
 *(.debug_frame)

.debug_str
 *(.debug_str)

.debug_loc
 *(.debug_loc)

.debug_macinfo
 *(.debug_macinfo)

.debug_weaknames
 *(.debug_weaknames)

.debug_funcnames
 *(.debug_funcnames)

.debug_typenames
 *(.debug_typenames)

.debug_varnames
 *(.debug_varnames)

.mdebug
 *(.mdebug)

.rel.text
 *(.rel.text)
 *(.rel.gnu.linkonce.t*)

.rela.text
 *(.rela.text)
 *(.rela.gnu.linkonce.t*)

.rel.data
 *(.rel.data)
 *(.rel.gnu.linkonce.d*)

.rela.data
 *(.rela.data)
 *(.rela.gnu.linkonce.d*)

.rel.sdata
 *(.rel.sdata)
 *(.rel.gnu.linkonce.s*)

.rela.sdata
 *(.rela.sdata)
 *(.rela.gnu.linkonce.s*)

.rel.rodata
 *(.rel.rodata)
 *(.rel.gnu.linkonce.r*)

.rela.rodata
 *(.rela.rodata)
 *(.rela.gnu.linkonce.r*)

.gptab.sdata
 *(.gptab.data)
 *(.gptab.sdata)

.gptab.sbss
 *(.gptab.bss)
 *(.gptab.sbss)
OUTPUT(test.axf elf32-bigmips)
