
Allocating common symbols
Common symbol       size              file

InitStack           0x200             ..\..\Tools\lib\boot_os.o
rxBuf               0x4               PlasmaBootLoader.o
offset              0x4               PlasmaBootLoader.o

Memory Configuration

Name             Origin             Length             Attributes
*default*        0x00000000         0xffffffff

Linker script and memory map

Address of section .text set to 0x40000000
LOAD ..\..\Tools\lib\boot_os.o
LOAD PlasmaBootLoader.o

.text           0x40000000      0x624
                0x40000000                _ftext=.
 *(.text)
 .text          0x40000000      0x1e4 ..\..\Tools\lib\boot_os.o
                0x4000018c                longjmp
                0x40000000                entry
                0x40000154                setjmp
                0x400001c4                OS_AsmMult
                0x40000058                interrupt_service_routine
                0x400001d8                OS_Syscall
                0x40000148                OS_AsmInterruptEnable
                0x4000004c                OS_DefaultISR
 .text          0x400001e4      0x440 PlasmaBootLoader.o
                0x400002f4                readChar
                0x40000380                ISR
                0x400001e4                print
                0x400003ac                FlashBootLoad
                0x40000248                write
                0x4000021c                printLine
                0x400002a4                read
                0x4000033c                writeChar
                0x4000059c                main
                0x400003b4                UartReadInt
                0x40000410                UartBootLoad
 *(.stub)
 *(.gnu.warning)
 *(.gnu.linkonce.t*)
 *(.mips16.fn.*)
 *(.mips16.call.*)

.init
 *(.init)

.fini
 *(.fini)
                0x40000624                _ecode=.

.reginfo        0x40000624       0x18
 *(.reginfo)
 .reginfo       0x40000624       0x18 ..\..\Tools\lib\boot_os.o
 .reginfo       0x4000063c       0x18 PlasmaBootLoader.o

.ctors
 *(.ctors)

.dtors
 *(.dtors)

.eh_frame
 *(.eh_frame)

.gcc_except_table
 *(.gcc_except_table)

.sdeinit
 *(.sdeinit)

.sdefini
 *(.sdefini)

.rodata         0x4000063c        0x3
 *(.rodata)
 .rodata        0x4000063c        0x3 PlasmaBootLoader.o
 *(.rdata)
 *(.gnu.linkonce.r*)

.rodata1
 *(.rodata1)
                0x4000063f                _etext=.
                0x4000063f                PROVIDE (etext, .)

.data           0x4000063f        0x0
                0x4000063f                _fdata=.
 *(.data)
 *(.gnu.linkonce.d*)

.data1
 *(.data1)
                0x4000862f                _gp=(.+0x7ff0)

.lit8
 *(.lit8)

.lit4
 *(.lit4)

.sdata
 *(.sdata)
 *(.gnu.linkonce.s*)
                0x4000063f                _edata=.
                0x4000063f                PROVIDE (edata, .)
                0x40000640                .=ALIGN(0x8)
                0x4000063f                __bss_start=.
                0x40000640                _fbss=__bss_start

.sbss           0x40000640        0x8
 *(.sbss)
 *(.scommon)
 .scommon       0x40000640        0x8 PlasmaBootLoader.o
                0x40000640                rxBuf
                0x40000644                offset

.bss            0x40000650      0x200
 *(.dynbss)
 *(.bss)
 *(COMMON)
 COMMON         0x40000650      0x200 ..\..\Tools\lib\boot_os.o
                0x40000650                InitStack
                0x40000850                _end=.
                0x40000850                PROVIDE (end, .)

.stab
 *(.stab)

.stabstr
 *(.stabstr)

.comment
 *(.comment)

.debug
 *(.debug)

.line
 *(.line)

.debug_srcinfo
 *(.debug_srcinfo)

.debug_sfnames
 *(.debug_sfnames)

.debug_aranges
 *(.debug_aranges)

.debug_pubnames
 *(.debug_pubnames)

.debug_info
 *(.debug_info)

.debug_abbrev
 *(.debug_abbrev)

.debug_line
 *(.debug_line)

.debug_frame
 *(.debug_frame)

.debug_str
 *(.debug_str)

.debug_loc
 *(.debug_loc)

.debug_macinfo
 *(.debug_macinfo)

.debug_weaknames
 *(.debug_weaknames)

.debug_funcnames
 *(.debug_funcnames)

.debug_typenames
 *(.debug_typenames)

.debug_varnames
 *(.debug_varnames)

.mdebug
 *(.mdebug)

.rel.text
 *(.rel.text)
 *(.rel.gnu.linkonce.t*)

.rela.text
 *(.rela.text)
 *(.rela.gnu.linkonce.t*)

.rel.data
 *(.rel.data)
 *(.rel.gnu.linkonce.d*)

.rela.data
 *(.rela.data)
 *(.rela.gnu.linkonce.d*)

.rel.sdata
 *(.rel.sdata)
 *(.rel.gnu.linkonce.s*)

.rela.sdata
 *(.rela.sdata)
 *(.rela.gnu.linkonce.s*)

.rel.rodata
 *(.rel.rodata)
 *(.rel.gnu.linkonce.r*)

.rela.rodata
 *(.rela.rodata)
 *(.rela.gnu.linkonce.r*)

.gptab.sdata
 *(.gptab.data)
 *(.gptab.sdata)

.gptab.sbss
 *(.gptab.bss)
 *(.gptab.sbss)
OUTPUT(test.axf elf32-bigmips)
