
Memory Configuration

Name             Origin             Length             Attributes
*default*        0x00000000         0xffffffff

Linker script and memory map

Address of section .text set to 0x0
LOAD boot_os.o
LOAD PlasmaBootLoader.o

.text           0x00000000     0x12e0
                0x00000000                _ftext=.
 *(.text)
 .text          0x00000000      0x200 boot_os.o
                0x000001a8                longjmp
                0x00000000                entry
                0x00000170                setjmp
                0x00000048                OS_GetHeap
                0x000001e0                OS_AsmMult
                0x00000080                interrupt_service_routine
                0x000001f4                OS_Syscall
                0x00000064                OS_AsmInterruptEnable
                0x00000058                OS_DefaultISR
 .text          0x00000200     0x10e0 PlasmaBootLoader.o
                0x00000310                readChar
                0x00000510                FlashSpiReadBuffer
                0x00000200                print
                0x00000758                WriteDisable
                0x000006c0                FlashSpiWrite
                0x00000ac8                ElfSetReadFunctionPtr
                0x00000e1c                AdvanceToFileOffset
                0x0000039c                FlashSpiStart
                0x00000898                ReadDioVecr
                0x000006f4                FlashReadMemory
                0x00000ad4                ElfReadFileHeader
                0x000005a8                FlashSpiEnd
                0x00000840                ReadSpiVecr
                0x00000948                ReadVecr
                0x000009a0                FlashInit
                0x00000264                write
                0x00000bac                IsInvalidElfFile
                0x00000e9c                ElfReadFile
                0x00000238                printLine
                0x000003cc                FlashSpiWriteBuffer
                0x000010fc                ElfBranch
                0x000002c0                read
                0x00000c54                ReadProgramHeaders
                0x00000688                FlashSpiRead
                0x00000800                ReadNonVolatileConfigurationRegister
                0x000008f0                ReadQioVecr
                0x00000358                writeChar
                0x000011f8                main
                0x000005bc                FlashSpiTransaction
                0x00000728                WriteEnable
                0x000004d4                FlashSpiAddress
                0x00000788                ReadVolatileConfigurationRegister
                0x000004a8                FlashSpiCommand
                0x00001148                ReadFlash
                0x00001120                InitFlash
                0x00001188                ReadAndEchoUart
 *(.stub)
 *(.gnu.warning)
 *(.gnu.linkonce.t*)
 *(.mips16.fn.*)
 *(.mips16.call.*)

.init
 *(.init)

.fini
 *(.fini)
                0x000012e0                _ecode=.

.reginfo        0x000012e0       0x18
 *(.reginfo)
 .reginfo       0x000012e0       0x18 boot_os.o
 .reginfo       0x000012f8       0x18 PlasmaBootLoader.o

.ctors
 *(.ctors)

.dtors
 *(.dtors)

.eh_frame
 *(.eh_frame)

.gcc_except_table
 *(.gcc_except_table)

.sdeinit
 *(.sdeinit)

.sdefini
 *(.sdefini)

.rodata         0x000012f8        0x3
 *(.rodata)
 .rodata        0x000012f8        0x3 PlasmaBootLoader.o
 *(.rdata)
 *(.gnu.linkonce.r*)

.rodata1
 *(.rodata1)
                0x000012fb                _etext=.
                0x000012fb                PROVIDE (etext, .)

.data           0x000012fb       0x28
                0x000012fb                _fdata=.
 *(.data)
 *fill*         0x000012fb        0x1
 .data          0x000012fc       0x27 PlasmaBootLoader.o
                0x00001318                FLASH_CODE_CNT
                0x00001314                FLASH_CODE_TRIS
                0x0000131c                FLASH_CODE_RSHIFT
                0x00001320                FLASH_CODE_STEPS
                0x00001310                FLASH_CODE_LINES
                0x000012fc                FLASH_LINES
 *(.gnu.linkonce.d*)

.data1
 *(.data1)
                0x00009313                _gp=(.+0x7ff0)

.lit8
 *(.lit8)

.lit4
 *(.lit4)

.sdata          0x00001324       0x18
 *(.sdata)
 .sdata         0x00001324       0x18 PlasmaBootLoader.o
                0x00001338                FlashReadPosition
                0x00001334                ElfProgramOffset
                0x0000132c                ExpectedMipsHeader
                0x00001324                FlashStatus
                0x00001328                ReadFunctionPtr
 *(.gnu.linkonce.s*)
                0x0000133c                _edata=.
                0x0000133c                PROVIDE (edata, .)
                0x00001340                .=ALIGN(0x8)
                0x0000133c                __bss_start=.
                0x00001340                _fbss=__bss_start

.sbss
 *(.sbss)
 *(.scommon)

.bss            0x00001340        0x0
 *(.dynbss)
 *(.bss)
 *(COMMON)
                0x00001340                _end=.
                0x00001340                PROVIDE (end, .)

.stab
 *(.stab)

.stabstr
 *(.stabstr)

.comment
 *(.comment)

.debug
 *(.debug)

.line
 *(.line)

.debug_srcinfo
 *(.debug_srcinfo)

.debug_sfnames
 *(.debug_sfnames)

.debug_aranges
 *(.debug_aranges)

.debug_pubnames
 *(.debug_pubnames)

.debug_info
 *(.debug_info)

.debug_abbrev
 *(.debug_abbrev)

.debug_line
 *(.debug_line)

.debug_frame
 *(.debug_frame)

.debug_str
 *(.debug_str)

.debug_loc
 *(.debug_loc)

.debug_macinfo
 *(.debug_macinfo)

.debug_weaknames
 *(.debug_weaknames)

.debug_funcnames
 *(.debug_funcnames)

.debug_typenames
 *(.debug_typenames)

.debug_varnames
 *(.debug_varnames)

.mdebug
 *(.mdebug)

.rel.text
 *(.rel.text)
 *(.rel.gnu.linkonce.t*)

.rela.text
 *(.rela.text)
 *(.rela.gnu.linkonce.t*)

.rel.data
 *(.rel.data)
 *(.rel.gnu.linkonce.d*)

.rela.data
 *(.rela.data)
 *(.rela.gnu.linkonce.d*)

.rel.sdata
 *(.rel.sdata)
 *(.rel.gnu.linkonce.s*)

.rela.sdata
 *(.rela.sdata)
 *(.rela.gnu.linkonce.s*)

.rel.rodata
 *(.rel.rodata)
 *(.rel.gnu.linkonce.r*)

.rela.rodata
 *(.rela.rodata)
 *(.rela.gnu.linkonce.r*)

.gptab.sdata
 *(.gptab.data)
 *(.gptab.sdata)

.gptab.sbss
 *(.gptab.bss)
 *(.gptab.sbss)
OUTPUT(test.axf elf32-bigmips)
