
Allocating common symbols
Common symbol       size              file

InitStack           0x200             ..\..\Tools\lib\boot_os.o
rxBuf               0x4               PlasmaBootLoader.o
offset              0x4               PlasmaBootLoader.o

Memory Configuration

Name             Origin             Length             Attributes
*default*        0x00000000         0xffffffff

Linker script and memory map

Address of section .text set to 0x0
LOAD ..\..\Tools\lib\boot_os.o
LOAD PlasmaBootLoader.o

.text           0x00000000     0x13dc
                0x00000000                _ftext=.
 *(.text)
 .text          0x00000000      0x1e4 ..\..\Tools\lib\boot_os.o
                0x0000018c                longjmp
                0x00000000                entry
                0x00000154                setjmp
                0x000001c4                OS_AsmMult
                0x00000058                interrupt_service_routine
                0x000001d8                OS_Syscall
                0x00000148                OS_AsmInterruptEnable
                0x0000004c                OS_DefaultISR
 .text          0x000001e4     0x11f8 PlasmaBootLoader.o
                0x000002f4                readChar
                0x000008f4                FlashSpiReadBuffer
                0x000011b8                ISR
                0x000001e4                print
                0x000004e8                atoi_p
                0x00000b3c                WriteDisable
                0x00001160                TestFlashRam
                0x00000650                itoa_p
                0x00000aa4                FlashSpiWrite
                0x00000d0c                ReadAndPrintFlash
                0x00000780                FlashSpiStart
                0x00000dc8                ReadDioVecr
                0x00000ad8                FlashReadMemory
                0x00000c24                PrintReadBuffer
                0x0000098c                FlashSpiEnd
                0x00000d70                ReadSpiVecr
                0x00000e78                ReadVecr
                0x00000ed0                FlashInit
                0x000011e4                FlashBootLoad
                0x00000424                xtoi
                0x00000248                write
                0x00000380                strncmp_p
                0x0000021c                printLine
                0x000007b0                FlashSpiWriteBuffer
                0x000010ec                ReadAndPrintFlashId
                0x000002a4                read
                0x00000a6c                FlashSpiRead
                0x00000be4                ReadNonVolatileConfigurationRegister
                0x00000e20                ReadQioVecr
                0x000004a8                dtoi
                0x0000033c                writeChar
                0x00001354                main
                0x000009a0                FlashSpiTransaction
                0x00000b0c                WriteEnable
                0x000008b8                FlashSpiAddress
                0x00000720                itox
                0x00000b6c                ReadVolatileConfigurationRegister
                0x0000088c                FlashSpiCommand
                0x0000123c                UartReadInt
                0x00001298                UartBootLoad
                0x000003e4                append
                0x00000ff8                ReadAndPrintRegisters
                0x00000470                btoi
 *(.stub)
 *(.gnu.warning)
 *(.gnu.linkonce.t*)
 *(.mips16.fn.*)
 *(.mips16.call.*)

.init
 *(.init)

.fini
 *(.fini)
                0x000013dc                _ecode=.

.reginfo        0x000013dc       0x18
 *(.reginfo)
 .reginfo       0x000013dc       0x18 ..\..\Tools\lib\boot_os.o
 .reginfo       0x000013f4       0x18 PlasmaBootLoader.o

.ctors
 *(.ctors)

.dtors
 *(.dtors)

.eh_frame
 *(.eh_frame)

.gcc_except_table
 *(.gcc_except_table)

.sdeinit
 *(.sdeinit)

.sdefini
 *(.sdefini)

.rodata         0x000013f4       0xb5
 *(.rodata)
 .rodata        0x000013f4       0xb5 PlasmaBootLoader.o
 *(.rdata)
 *(.gnu.linkonce.r*)

.rodata1
 *(.rodata1)
                0x000014a9                _etext=.
                0x000014a9                PROVIDE (etext, .)

.data           0x000014a9       0x2a
                0x000014a9                _fdata=.
 *(.data)
 *fill*         0x000014a9        0x3
 .data          0x000014ac       0x27 PlasmaBootLoader.o
                0x000014c8                FLASH_CODE_CNT
                0x000014c4                FLASH_CODE_TRIS
                0x000014cc                FLASH_CODE_RSHIFT
                0x000014d0                FLASH_CODE_STEPS
                0x000014c0                FLASH_CODE_LINES
                0x000014ac                FLASH_LINES
 *(.gnu.linkonce.d*)

.data1
 *(.data1)
                0x000094c3                _gp=(.+0x7ff0)

.lit8
 *(.lit8)

.lit4
 *(.lit4)

.sdata          0x000014d4        0x3
 *(.sdata)
 .sdata         0x000014d4        0x3 PlasmaBootLoader.o
                0x000014d4                FlashStatus
 *(.gnu.linkonce.s*)
                0x000014d7                _edata=.
                0x000014d7                PROVIDE (edata, .)
                0x000014d8                .=ALIGN(0x8)
                0x000014d7                __bss_start=.
                0x000014d8                _fbss=__bss_start

.sbss           0x000014d8        0x8
 *(.sbss)
 *(.scommon)
 .scommon       0x000014d8        0x8 PlasmaBootLoader.o
                0x000014d8                rxBuf
                0x000014dc                offset

.bss            0x000014e0      0x200
 *(.dynbss)
 *(.bss)
 *(COMMON)
 COMMON         0x000014e0      0x200 ..\..\Tools\lib\boot_os.o
                0x000014e0                InitStack
                0x000016e0                _end=.
                0x000016e0                PROVIDE (end, .)

.stab
 *(.stab)

.stabstr
 *(.stabstr)

.comment
 *(.comment)

.debug
 *(.debug)

.line
 *(.line)

.debug_srcinfo
 *(.debug_srcinfo)

.debug_sfnames
 *(.debug_sfnames)

.debug_aranges
 *(.debug_aranges)

.debug_pubnames
 *(.debug_pubnames)

.debug_info
 *(.debug_info)

.debug_abbrev
 *(.debug_abbrev)

.debug_line
 *(.debug_line)

.debug_frame
 *(.debug_frame)

.debug_str
 *(.debug_str)

.debug_loc
 *(.debug_loc)

.debug_macinfo
 *(.debug_macinfo)

.debug_weaknames
 *(.debug_weaknames)

.debug_funcnames
 *(.debug_funcnames)

.debug_typenames
 *(.debug_typenames)

.debug_varnames
 *(.debug_varnames)

.mdebug
 *(.mdebug)

.rel.text
 *(.rel.text)
 *(.rel.gnu.linkonce.t*)

.rela.text
 *(.rela.text)
 *(.rela.gnu.linkonce.t*)

.rel.data
 *(.rel.data)
 *(.rel.gnu.linkonce.d*)

.rela.data
 *(.rela.data)
 *(.rela.gnu.linkonce.d*)

.rel.sdata
 *(.rel.sdata)
 *(.rel.gnu.linkonce.s*)

.rela.sdata
 *(.rela.sdata)
 *(.rela.gnu.linkonce.s*)

.rel.rodata
 *(.rel.rodata)
 *(.rel.gnu.linkonce.r*)

.rela.rodata
 *(.rela.rodata)
 *(.rela.gnu.linkonce.r*)

.gptab.sdata
 *(.gptab.data)
 *(.gptab.sdata)

.gptab.sbss
 *(.gptab.bss)
 *(.gptab.sbss)
OUTPUT(test.axf elf32-bigmips)
