
Allocating common symbols
Common symbol       size              file

progHeaders         0x200             PlasmaBootLoader.o
buffer              0x400             PlasmaBootLoader.o

Memory Configuration

Name             Origin             Length             Attributes
*default*        0x00000000         0xffffffff

Linker script and memory map

Address of section .text set to 0x40000000
LOAD ..\..\Tools\lib\boot.o
LOAD PlasmaBootLoader.o

.text           0x40000000     0x1184
                0x40000000                _ftext=.
 *(.text)
 .text          0x40000000       0x88 ..\..\Tools\lib\boot.o
                0x40000050                longjmp
                0x40000000                entry
                0x40000018                setjmp
                0x4000000c                OS_AsmInterruptEnable
 .text          0x40000088     0x10fc PlasmaBootLoader.o
                0x40000198                readChar
                0x40000398                FlashSpiReadBuffer
                0x40000088                print
                0x400005e0                WriteDisable
                0x40000548                FlashSpiWrite
                0x40000950                ElfSetReadFunctionPtr
                0x40000cb0                AdvanceToFileOffset
                0x40000224                FlashSpiStart
                0x40000720                ReadDioVecr
                0x4000057c                FlashReadMemory
                0x4000095c                ElfReadFileHeader
                0x40000430                FlashSpiEnd
                0x400006c8                ReadSpiVecr
                0x400007d0                ReadVecr
                0x40000828                FlashInit
                0x400000ec                write
                0x40000a34                IsInvalidElfFile
                0x40000d30                ElfReadFile
                0x400000c0                printLine
                0x40000254                FlashSpiWriteBuffer
                0x40000fa0                ElfBranch
                0x40000148                read
                0x40000adc                ReadProgramHeaders
                0x40000510                FlashSpiRead
                0x40000688                ReadNonVolatileConfigurationRegister
                0x40000778                ReadQioVecr
                0x400001e0                writeChar
                0x4000109c                main
                0x40000444                FlashSpiTransaction
                0x400005b0                WriteEnable
                0x4000035c                FlashSpiAddress
                0x40000610                ReadVolatileConfigurationRegister
                0x40000330                FlashSpiCommand
                0x40000fec                ReadFlash
                0x40000fc4                InitFlash
                0x4000102c                ReadAndEchoUart
 *(.stub)
 *(.gnu.warning)
 *(.gnu.linkonce.t*)
 *(.mips16.fn.*)
 *(.mips16.call.*)

.init
 *(.init)

.fini
 *(.fini)
                0x40001184                _ecode=.

.reginfo        0x40001184       0x18
 *(.reginfo)
 .reginfo       0x40001184       0x18 ..\..\Tools\lib\boot.o
 .reginfo       0x4000119c       0x18 PlasmaBootLoader.o

.ctors
 *(.ctors)

.dtors
 *(.dtors)

.eh_frame
 *(.eh_frame)

.gcc_except_table
 *(.gcc_except_table)

.sdeinit
 *(.sdeinit)

.sdefini
 *(.sdefini)

.rodata         0x4000119c        0x3
 *(.rodata)
 .rodata        0x4000119c        0x3 PlasmaBootLoader.o
 *(.rdata)
 *(.gnu.linkonce.r*)

.rodata1
 *(.rodata1)
                0x4000119f                _etext=.
                0x4000119f                PROVIDE (etext, .)

.data           0x4000119f       0x28
                0x4000119f                _fdata=.
 *(.data)
 *fill*         0x4000119f        0x1
 .data          0x400011a0       0x27 PlasmaBootLoader.o
                0x400011bc                FLASH_CODE_CNT
                0x400011b8                FLASH_CODE_TRIS
                0x400011c0                FLASH_CODE_RSHIFT
                0x400011c4                FLASH_CODE_STEPS
                0x400011b4                FLASH_CODE_LINES
                0x400011a0                FLASH_LINES
 *(.gnu.linkonce.d*)

.data1
 *(.data1)
                0x400091b7                _gp=(.+0x7ff0)

.lit8
 *(.lit8)

.lit4
 *(.lit4)

.sdata          0x400011c8       0x18
 *(.sdata)
 .sdata         0x400011c8       0x18 PlasmaBootLoader.o
                0x400011dc                FlashReadPosition
                0x400011d8                ElfProgramOffset
                0x400011d0                ExpectedMipsHeader
                0x400011c8                FlashStatus
                0x400011cc                ReadFunctionPtr
 *(.gnu.linkonce.s*)
                0x400011e0                _edata=.
                0x400011e0                PROVIDE (edata, .)
                0x400011e0                .=ALIGN(0x8)
                0x400011e0                __bss_start=.
                0x400011e0                _fbss=__bss_start

.sbss
 *(.sbss)
 *(.scommon)

.bss            0x400011e0      0x600
 *(.dynbss)
 *(.bss)
 *(COMMON)
 COMMON         0x400011e0      0x600 PlasmaBootLoader.o
                0x400011e0                progHeaders
                0x400013e0                buffer
                0x400017e0                _end=.
                0x400017e0                PROVIDE (end, .)

.stab
 *(.stab)

.stabstr
 *(.stabstr)

.comment
 *(.comment)

.debug
 *(.debug)

.line
 *(.line)

.debug_srcinfo
 *(.debug_srcinfo)

.debug_sfnames
 *(.debug_sfnames)

.debug_aranges
 *(.debug_aranges)

.debug_pubnames
 *(.debug_pubnames)

.debug_info
 *(.debug_info)

.debug_abbrev
 *(.debug_abbrev)

.debug_line
 *(.debug_line)

.debug_frame
 *(.debug_frame)

.debug_str
 *(.debug_str)

.debug_loc
 *(.debug_loc)

.debug_macinfo
 *(.debug_macinfo)

.debug_weaknames
 *(.debug_weaknames)

.debug_funcnames
 *(.debug_funcnames)

.debug_typenames
 *(.debug_typenames)

.debug_varnames
 *(.debug_varnames)

.mdebug
 *(.mdebug)

.rel.text
 *(.rel.text)
 *(.rel.gnu.linkonce.t*)

.rela.text
 *(.rela.text)
 *(.rela.gnu.linkonce.t*)

.rel.data
 *(.rel.data)
 *(.rel.gnu.linkonce.d*)

.rela.data
 *(.rela.data)
 *(.rela.gnu.linkonce.d*)

.rel.sdata
 *(.rel.sdata)
 *(.rel.gnu.linkonce.s*)

.rela.sdata
 *(.rela.sdata)
 *(.rela.gnu.linkonce.s*)

.rel.rodata
 *(.rel.rodata)
 *(.rel.gnu.linkonce.r*)

.rela.rodata
 *(.rela.rodata)
 *(.rela.gnu.linkonce.r*)

.gptab.sdata
 *(.gptab.data)
 *(.gptab.sdata)

.gptab.sbss
 *(.gptab.bss)
 *(.gptab.sbss)
OUTPUT(PlasmaBootLoader.axf elf32-bigmips)
