
Allocating common symbols
Common symbol       size              file

rxBuf               0x4               PlasmaBootLoader.o
offset              0x4               PlasmaBootLoader.o

Memory Configuration

Name             Origin             Length             Attributes
*default*        0x00000000         0xffffffff

Linker script and memory map

Address of section .text set to 0x40000000
LOAD ..\..\Tools\lib\boot.o
LOAD PlasmaBootLoader.o

.text           0x40000000     0x1280
                0x40000000                _ftext=.
 *(.text)
 .text          0x40000000       0x88 ..\..\Tools\lib\boot.o
                0x40000050                longjmp
                0x40000000                entry
                0x40000018                setjmp
                0x4000000c                OS_AsmInterruptEnable
 .text          0x40000088     0x11f8 PlasmaBootLoader.o
                0x40000198                readChar
                0x40000798                FlashSpiReadBuffer
                0x4000105c                ISR
                0x40000088                print
                0x4000038c                atoi_p
                0x400009e0                WriteDisable
                0x40001004                TestFlashRam
                0x400004f4                itoa_p
                0x40000948                FlashSpiWrite
                0x40000bb0                ReadAndPrintFlash
                0x40000624                FlashSpiStart
                0x40000c6c                ReadDioVecr
                0x4000097c                FlashReadMemory
                0x40000ac8                PrintReadBuffer
                0x40000830                FlashSpiEnd
                0x40000c14                ReadSpiVecr
                0x40000d1c                ReadVecr
                0x40000d74                FlashInit
                0x40001088                FlashBootLoad
                0x400002c8                xtoi
                0x400000ec                write
                0x40000224                strncmp_p
                0x400000c0                printLine
                0x40000654                FlashSpiWriteBuffer
                0x40000f90                ReadAndPrintFlashId
                0x40000148                read
                0x40000910                FlashSpiRead
                0x40000a88                ReadNonVolatileConfigurationRegister
                0x40000cc4                ReadQioVecr
                0x4000034c                dtoi
                0x400001e0                writeChar
                0x400011f8                main
                0x40000844                FlashSpiTransaction
                0x400009b0                WriteEnable
                0x4000075c                FlashSpiAddress
                0x400005c4                itox
                0x40000a10                ReadVolatileConfigurationRegister
                0x40000730                FlashSpiCommand
                0x400010e0                UartReadInt
                0x4000113c                UartBootLoad
                0x40000288                append
                0x40000e9c                ReadAndPrintRegisters
                0x40000314                btoi
 *(.stub)
 *(.gnu.warning)
 *(.gnu.linkonce.t*)
 *(.mips16.fn.*)
 *(.mips16.call.*)

.init
 *(.init)

.fini
 *(.fini)
                0x40001280                _ecode=.

.reginfo        0x40001280       0x18
 *(.reginfo)
 .reginfo       0x40001280       0x18 ..\..\Tools\lib\boot.o
 .reginfo       0x40001298       0x18 PlasmaBootLoader.o

.ctors
 *(.ctors)

.dtors
 *(.dtors)

.eh_frame
 *(.eh_frame)

.gcc_except_table
 *(.gcc_except_table)

.sdeinit
 *(.sdeinit)

.sdefini
 *(.sdefini)

.rodata         0x40001298       0xb5
 *(.rodata)
 .rodata        0x40001298       0xb5 PlasmaBootLoader.o
 *(.rdata)
 *(.gnu.linkonce.r*)

.rodata1
 *(.rodata1)
                0x4000134d                _etext=.
                0x4000134d                PROVIDE (etext, .)

.data           0x4000134d       0x2a
                0x4000134d                _fdata=.
 *(.data)
 *fill*         0x4000134d        0x3
 .data          0x40001350       0x27 PlasmaBootLoader.o
                0x4000136c                FLASH_CODE_CNT
                0x40001368                FLASH_CODE_TRIS
                0x40001370                FLASH_CODE_RSHIFT
                0x40001374                FLASH_CODE_STEPS
                0x40001364                FLASH_CODE_LINES
                0x40001350                FLASH_LINES
 *(.gnu.linkonce.d*)

.data1
 *(.data1)
                0x40009367                _gp=(.+0x7ff0)

.lit8
 *(.lit8)

.lit4
 *(.lit4)

.sdata          0x40001378        0x3
 *(.sdata)
 .sdata         0x40001378        0x3 PlasmaBootLoader.o
                0x40001378                FlashStatus
 *(.gnu.linkonce.s*)
                0x4000137b                _edata=.
                0x4000137b                PROVIDE (edata, .)
                0x40001380                .=ALIGN(0x8)
                0x4000137b                __bss_start=.
                0x40001380                _fbss=__bss_start

.sbss           0x40001380        0x8
 *(.sbss)
 *(.scommon)
 .scommon       0x40001380        0x8 PlasmaBootLoader.o
                0x40001380                rxBuf
                0x40001384                offset

.bss            0x40001388        0x0
 *(.dynbss)
 *(.bss)
 *(COMMON)
                0x40001388                _end=.
                0x40001388                PROVIDE (end, .)

.stab
 *(.stab)

.stabstr
 *(.stabstr)

.comment
 *(.comment)

.debug
 *(.debug)

.line
 *(.line)

.debug_srcinfo
 *(.debug_srcinfo)

.debug_sfnames
 *(.debug_sfnames)

.debug_aranges
 *(.debug_aranges)

.debug_pubnames
 *(.debug_pubnames)

.debug_info
 *(.debug_info)

.debug_abbrev
 *(.debug_abbrev)

.debug_line
 *(.debug_line)

.debug_frame
 *(.debug_frame)

.debug_str
 *(.debug_str)

.debug_loc
 *(.debug_loc)

.debug_macinfo
 *(.debug_macinfo)

.debug_weaknames
 *(.debug_weaknames)

.debug_funcnames
 *(.debug_funcnames)

.debug_typenames
 *(.debug_typenames)

.debug_varnames
 *(.debug_varnames)

.mdebug
 *(.mdebug)

.rel.text
 *(.rel.text)
 *(.rel.gnu.linkonce.t*)

.rela.text
 *(.rela.text)
 *(.rela.gnu.linkonce.t*)

.rel.data
 *(.rel.data)
 *(.rel.gnu.linkonce.d*)

.rela.data
 *(.rela.data)
 *(.rela.gnu.linkonce.d*)

.rel.sdata
 *(.rel.sdata)
 *(.rel.gnu.linkonce.s*)

.rela.sdata
 *(.rela.sdata)
 *(.rela.gnu.linkonce.s*)

.rel.rodata
 *(.rel.rodata)
 *(.rel.gnu.linkonce.r*)

.rela.rodata
 *(.rela.rodata)
 *(.rela.gnu.linkonce.r*)

.gptab.sdata
 *(.gptab.data)
 *(.gptab.sdata)

.gptab.sbss
 *(.gptab.bss)
 *(.gptab.sbss)
OUTPUT(test.axf elf32-bigmips)
