
Allocating common symbols
Common symbol       size              file

buffer              0x4               PlasmaDataAcquisition.o

Memory Configuration

Name             Origin             Length             Attributes
*default*        0x00000000         0xffffffff

Linker script and memory map

Address of section .text set to 0x40000000
LOAD boot_os.o
LOAD PlasmaDataAcquisition.o

.text           0x40000000      0x3cc
                0x40000000                _ftext=.
 *(.text)
 .text          0x40000000      0x200 boot_os.o
                0x400001a8                longjmp
                0x40000000                entry
                0x40000170                setjmp
                0x40000048                OS_GetHeap
                0x400001e0                OS_AsmMult
                0x40000080                interrupt_service_routine
                0x400001f4                OS_Syscall
                0x40000064                OS_AsmInterruptEnable
                0x40000058                OS_DefaultISR
 .text          0x40000200      0x1cc PlasmaDataAcquisition.o
                0x40000220                main
                0x40000200                countBits
 *(.stub)
 *(.gnu.warning)
 *(.gnu.linkonce.t*)
 *(.mips16.fn.*)
 *(.mips16.call.*)

.init
 *(.init)

.fini
 *(.fini)
                0x400003cc                _ecode=.

.reginfo        0x400003cc       0x18
 *(.reginfo)
 .reginfo       0x400003cc       0x18 boot_os.o
 .reginfo       0x400003e4       0x18 PlasmaDataAcquisition.o

.ctors
 *(.ctors)

.dtors
 *(.dtors)

.eh_frame
 *(.eh_frame)

.gcc_except_table
 *(.gcc_except_table)

.sdeinit
 *(.sdeinit)

.sdefini
 *(.sdefini)

.rodata
 *(.rodata)
 *(.rdata)
 *(.gnu.linkonce.r*)

.rodata1
 *(.rodata1)
                0x400003fc                _etext=.
                0x400003fc                PROVIDE (etext, .)

.data           0x400003e4        0x0
                0x400003e4                _fdata=.
 *(.data)
 *(.gnu.linkonce.d*)

.data1
 *(.data1)
                0x400083d4                _gp=(.+0x7ff0)

.lit8
 *(.lit8)

.lit4
 *(.lit4)

.sdata
 *(.sdata)
 *(.gnu.linkonce.s*)
                0x400003e4                _edata=.
                0x400003e4                PROVIDE (edata, .)
                0x400003e8                .=ALIGN(0x8)
                0x400003e4                __bss_start=.
                0x400003e8                _fbss=__bss_start

.sbss           0x400003e8        0x4
 *(.sbss)
 *(.scommon)
 .scommon       0x400003e8        0x4 PlasmaDataAcquisition.o
                0x400003e8                buffer

.bss            0x400003ec        0x0
 *(.dynbss)
 *(.bss)
 *(COMMON)
                0x400003ec                _end=.
                0x400003ec                PROVIDE (end, .)

.stab
 *(.stab)

.stabstr
 *(.stabstr)

.comment
 *(.comment)

.debug
 *(.debug)

.line
 *(.line)

.debug_srcinfo
 *(.debug_srcinfo)

.debug_sfnames
 *(.debug_sfnames)

.debug_aranges
 *(.debug_aranges)

.debug_pubnames
 *(.debug_pubnames)

.debug_info
 *(.debug_info)

.debug_abbrev
 *(.debug_abbrev)

.debug_line
 *(.debug_line)

.debug_frame
 *(.debug_frame)

.debug_str
 *(.debug_str)

.debug_loc
 *(.debug_loc)

.debug_macinfo
 *(.debug_macinfo)

.debug_weaknames
 *(.debug_weaknames)

.debug_funcnames
 *(.debug_funcnames)

.debug_typenames
 *(.debug_typenames)

.debug_varnames
 *(.debug_varnames)

.mdebug
 *(.mdebug)

.rel.text
 *(.rel.text)
 *(.rel.gnu.linkonce.t*)

.rela.text
 *(.rela.text)
 *(.rela.gnu.linkonce.t*)

.rel.data
 *(.rel.data)
 *(.rel.gnu.linkonce.d*)

.rela.data
 *(.rela.data)
 *(.rela.gnu.linkonce.d*)

.rel.sdata
 *(.rel.sdata)
 *(.rel.gnu.linkonce.s*)

.rela.sdata
 *(.rela.sdata)
 *(.rela.gnu.linkonce.s*)

.rel.rodata
 *(.rel.rodata)
 *(.rel.gnu.linkonce.r*)

.rela.rodata
 *(.rela.rodata)
 *(.rela.gnu.linkonce.r*)

.gptab.sdata
 *(.gptab.data)
 *(.gptab.sdata)

.gptab.sbss
 *(.gptab.bss)
 *(.gptab.sbss)
OUTPUT(PlasmaDataAcquisition.axf elf32-bigmips)
