
Allocating common symbols
Common symbol       size              file

buffer              0x4               PlasmaDataAcquisition.o

Memory Configuration

Name             Origin             Length             Attributes
*default*        0x00000000         0xffffffff

Linker script and memory map

Address of section .text set to 0x0
LOAD boot_os.o
LOAD PlasmaDataAcquisition.o

.text           0x00000000      0x3b0
                0x00000000                _ftext=.
 *(.text)
 .text          0x00000000      0x200 boot_os.o
                0x000001a8                longjmp
                0x00000000                entry
                0x00000170                setjmp
                0x00000048                OS_GetHeap
                0x000001e0                OS_AsmMult
                0x00000080                interrupt_service_routine
                0x000001f4                OS_Syscall
                0x00000064                OS_AsmInterruptEnable
                0x00000058                OS_DefaultISR
 .text          0x00000200      0x1b0 PlasmaDataAcquisition.o
                0x00000220                main
                0x00000200                countBits
 *(.stub)
 *(.gnu.warning)
 *(.gnu.linkonce.t*)
 *(.mips16.fn.*)
 *(.mips16.call.*)

.init
 *(.init)

.fini
 *(.fini)
                0x000003b0                _ecode=.

.reginfo        0x000003b0       0x18
 *(.reginfo)
 .reginfo       0x000003b0       0x18 boot_os.o
 .reginfo       0x000003c8       0x18 PlasmaDataAcquisition.o

.ctors
 *(.ctors)

.dtors
 *(.dtors)

.eh_frame
 *(.eh_frame)

.gcc_except_table
 *(.gcc_except_table)

.sdeinit
 *(.sdeinit)

.sdefini
 *(.sdefini)

.rodata
 *(.rodata)
 *(.rdata)
 *(.gnu.linkonce.r*)

.rodata1
 *(.rodata1)
                0x000003e0                _etext=.
                0x000003e0                PROVIDE (etext, .)

.data           0x000003c8        0x0
                0x000003c8                _fdata=.
 *(.data)
 *(.gnu.linkonce.d*)

.data1
 *(.data1)
                0x000083b8                _gp=(.+0x7ff0)

.lit8
 *(.lit8)

.lit4
 *(.lit4)

.sdata
 *(.sdata)
 *(.gnu.linkonce.s*)
                0x000003c8                _edata=.
                0x000003c8                PROVIDE (edata, .)
                0x000003c8                .=ALIGN(0x8)
                0x000003c8                __bss_start=.
                0x000003c8                _fbss=__bss_start

.sbss           0x000003c8        0x4
 *(.sbss)
 *(.scommon)
 .scommon       0x000003c8        0x4 PlasmaDataAcquisition.o
                0x000003c8                buffer

.bss            0x000003cc        0x0
 *(.dynbss)
 *(.bss)
 *(COMMON)
                0x000003cc                _end=.
                0x000003cc                PROVIDE (end, .)

.stab
 *(.stab)

.stabstr
 *(.stabstr)

.comment
 *(.comment)

.debug
 *(.debug)

.line
 *(.line)

.debug_srcinfo
 *(.debug_srcinfo)

.debug_sfnames
 *(.debug_sfnames)

.debug_aranges
 *(.debug_aranges)

.debug_pubnames
 *(.debug_pubnames)

.debug_info
 *(.debug_info)

.debug_abbrev
 *(.debug_abbrev)

.debug_line
 *(.debug_line)

.debug_frame
 *(.debug_frame)

.debug_str
 *(.debug_str)

.debug_loc
 *(.debug_loc)

.debug_macinfo
 *(.debug_macinfo)

.debug_weaknames
 *(.debug_weaknames)

.debug_funcnames
 *(.debug_funcnames)

.debug_typenames
 *(.debug_typenames)

.debug_varnames
 *(.debug_varnames)

.mdebug
 *(.mdebug)

.rel.text
 *(.rel.text)
 *(.rel.gnu.linkonce.t*)

.rela.text
 *(.rela.text)
 *(.rela.gnu.linkonce.t*)

.rel.data
 *(.rel.data)
 *(.rel.gnu.linkonce.d*)

.rela.data
 *(.rela.data)
 *(.rela.gnu.linkonce.d*)

.rel.sdata
 *(.rel.sdata)
 *(.rel.gnu.linkonce.s*)

.rela.sdata
 *(.rela.sdata)
 *(.rela.gnu.linkonce.s*)

.rel.rodata
 *(.rel.rodata)
 *(.rel.gnu.linkonce.r*)

.rela.rodata
 *(.rela.rodata)
 *(.rela.gnu.linkonce.r*)

.gptab.sdata
 *(.gptab.data)
 *(.gptab.sdata)

.gptab.sbss
 *(.gptab.bss)
 *(.gptab.sbss)
OUTPUT(test.axf elf32-bigmips)
