
Allocating common symbols
Common symbol       size              file

buffer              0x2000000         PlasmaDataAcquisition.o

Memory Configuration

Name             Origin             Length             Attributes
*default*        0x00000000         0xffffffff

Linker script and memory map

Address of section .text set to 0x40000000
LOAD ..\..\Tools\lib\boot.o
LOAD PlasmaDataAcquisition.o

.text           0x40000000      0x82c
                0x40000000                _ftext=.
 *(.text)
 .text          0x40000000       0x88 ..\..\Tools\lib\boot.o
                0x40000050                longjmp
                0x40000000                entry
                0x40000018                setjmp
                0x4000000c                OS_AsmInterruptEnable
 .text          0x40000088      0x7a4 PlasmaDataAcquisition.o
                0x40000198                readChar
                0x40000088                print
                0x4000038c                atoi_p
                0x400004f4                itoa_p
                0x400002c8                xtoi
                0x400000ec                write
                0x40000224                strncmp_p
                0x400000c0                printLine
                0x40000148                read
                0x4000034c                dtoi
                0x400001e0                writeChar
                0x40000644                main
                0x400005c4                itox
                0x40000624                countBits
                0x40000288                append
                0x40000314                btoi
 *(.stub)
 *(.gnu.warning)
 *(.gnu.linkonce.t*)
 *(.mips16.fn.*)
 *(.mips16.call.*)

.init
 *(.init)

.fini
 *(.fini)
                0x4000082c                _ecode=.

.reginfo        0x4000082c       0x18
 *(.reginfo)
 .reginfo       0x4000082c       0x18 ..\..\Tools\lib\boot.o
 .reginfo       0x40000844       0x18 PlasmaDataAcquisition.o

.ctors
 *(.ctors)

.dtors
 *(.dtors)

.eh_frame
 *(.eh_frame)

.gcc_except_table
 *(.gcc_except_table)

.sdeinit
 *(.sdeinit)

.sdefini
 *(.sdefini)

.rodata         0x40000844       0x5d
 *(.rodata)
 .rodata        0x40000844       0x5d PlasmaDataAcquisition.o
 *(.rdata)
 *(.gnu.linkonce.r*)

.rodata1
 *(.rodata1)
                0x400008a1                _etext=.
                0x400008a1                PROVIDE (etext, .)

.data           0x400008a1        0x0
                0x400008a1                _fdata=.
 *(.data)
 *(.gnu.linkonce.d*)

.data1
 *(.data1)
                0x40008891                _gp=(.+0x7ff0)

.lit8
 *(.lit8)

.lit4
 *(.lit4)

.sdata
 *(.sdata)
 *(.gnu.linkonce.s*)
                0x400008a1                _edata=.
                0x400008a1                PROVIDE (edata, .)
                0x400008a8                .=ALIGN(0x8)
                0x400008a1                __bss_start=.
                0x400008a8                _fbss=__bss_start

.sbss
 *(.sbss)
 *(.scommon)

.bss            0x400008b0  0x2000000
 *(.dynbss)
 *(.bss)
 *(COMMON)
 COMMON         0x400008b0  0x2000000 PlasmaDataAcquisition.o
                0x400008b0                buffer
                0x420008b0                _end=.
                0x420008b0                PROVIDE (end, .)

.stab
 *(.stab)

.stabstr
 *(.stabstr)

.comment
 *(.comment)

.debug
 *(.debug)

.line
 *(.line)

.debug_srcinfo
 *(.debug_srcinfo)

.debug_sfnames
 *(.debug_sfnames)

.debug_aranges
 *(.debug_aranges)

.debug_pubnames
 *(.debug_pubnames)

.debug_info
 *(.debug_info)

.debug_abbrev
 *(.debug_abbrev)

.debug_line
 *(.debug_line)

.debug_frame
 *(.debug_frame)

.debug_str
 *(.debug_str)

.debug_loc
 *(.debug_loc)

.debug_macinfo
 *(.debug_macinfo)

.debug_weaknames
 *(.debug_weaknames)

.debug_funcnames
 *(.debug_funcnames)

.debug_typenames
 *(.debug_typenames)

.debug_varnames
 *(.debug_varnames)

.mdebug
 *(.mdebug)

.rel.text
 *(.rel.text)
 *(.rel.gnu.linkonce.t*)

.rela.text
 *(.rela.text)
 *(.rela.gnu.linkonce.t*)

.rel.data
 *(.rel.data)
 *(.rel.gnu.linkonce.d*)

.rela.data
 *(.rela.data)
 *(.rela.gnu.linkonce.d*)

.rel.sdata
 *(.rel.sdata)
 *(.rel.gnu.linkonce.s*)

.rela.sdata
 *(.rela.sdata)
 *(.rela.gnu.linkonce.s*)

.rel.rodata
 *(.rel.rodata)
 *(.rel.gnu.linkonce.r*)

.rela.rodata
 *(.rela.rodata)
 *(.rela.gnu.linkonce.r*)

.gptab.sdata
 *(.gptab.data)
 *(.gptab.sdata)

.gptab.sbss
 *(.gptab.bss)
 *(.gptab.sbss)
OUTPUT(test.axf elf32-bigmips)
