
Allocating common symbols
Common symbol       size              file

InitStack           0x200             ..\..\Tools\lib\boot_os.o

Memory Configuration

Name             Origin             Length             Attributes
*default*        0x00000000         0xffffffff

Linker script and memory map

Address of section .text set to 0x0
LOAD ..\..\Tools\lib\boot_os.o
LOAD PlasmaDataAcquisition.o

.text           0x00000000      0x934
                0x00000000                _ftext=.
 *(.text)
 .text          0x00000000      0x1e4 ..\..\Tools\lib\boot_os.o
                0x0000018c                longjmp
                0x00000000                entry
                0x00000154                setjmp
                0x000001c4                OS_AsmMult
                0x00000058                interrupt_service_routine
                0x000001d8                OS_Syscall
                0x00000148                OS_AsmInterruptEnable
                0x0000004c                OS_DefaultISR
 .text          0x000001e4      0x750 PlasmaDataAcquisition.o
                0x000002f4                readChar
                0x000001e4                print
                0x000004e8                atoi_p
                0x00000650                itoa_p
                0x00000424                xtoi
                0x00000248                write
                0x00000380                strncmp_p
                0x0000021c                printLine
                0x000002a4                read
                0x000004a8                dtoi
                0x0000033c                writeChar
                0x000007a0                main
                0x00000720                itox
                0x00000780                countBits
                0x000003e4                append
                0x00000470                btoi
 *(.stub)
 *(.gnu.warning)
 *(.gnu.linkonce.t*)
 *(.mips16.fn.*)
 *(.mips16.call.*)

.init
 *(.init)

.fini
 *(.fini)
                0x00000934                _ecode=.

.reginfo        0x00000934       0x18
 *(.reginfo)
 .reginfo       0x00000934       0x18 ..\..\Tools\lib\boot_os.o
 .reginfo       0x0000094c       0x18 PlasmaDataAcquisition.o

.ctors
 *(.ctors)

.dtors
 *(.dtors)

.eh_frame
 *(.eh_frame)

.gcc_except_table
 *(.gcc_except_table)

.sdeinit
 *(.sdeinit)

.sdefini
 *(.sdefini)

.rodata         0x0000094c       0x5d
 *(.rodata)
 .rodata        0x0000094c       0x5d PlasmaDataAcquisition.o
 *(.rdata)
 *(.gnu.linkonce.r*)

.rodata1
 *(.rodata1)
                0x000009a9                _etext=.
                0x000009a9                PROVIDE (etext, .)

.data           0x000009a9        0x0
                0x000009a9                _fdata=.
 *(.data)
 *(.gnu.linkonce.d*)

.data1
 *(.data1)
                0x00008999                _gp=(.+0x7ff0)

.lit8
 *(.lit8)

.lit4
 *(.lit4)

.sdata          0x000009ac        0x4
 *(.sdata)
 .sdata         0x000009ac        0x4 PlasmaDataAcquisition.o
                0x000009ac                buffer
 *(.gnu.linkonce.s*)
                0x000009b0                _edata=.
                0x000009b0                PROVIDE (edata, .)
                0x000009b0                .=ALIGN(0x8)
                0x000009b0                __bss_start=.
                0x000009b0                _fbss=__bss_start

.sbss
 *(.sbss)
 *(.scommon)

.bss            0x000009b0      0x200
 *(.dynbss)
 *(.bss)
 *(COMMON)
 COMMON         0x000009b0      0x200 ..\..\Tools\lib\boot_os.o
                0x000009b0                InitStack
                0x00000bb0                _end=.
                0x00000bb0                PROVIDE (end, .)

.stab
 *(.stab)

.stabstr
 *(.stabstr)

.comment
 *(.comment)

.debug
 *(.debug)

.line
 *(.line)

.debug_srcinfo
 *(.debug_srcinfo)

.debug_sfnames
 *(.debug_sfnames)

.debug_aranges
 *(.debug_aranges)

.debug_pubnames
 *(.debug_pubnames)

.debug_info
 *(.debug_info)

.debug_abbrev
 *(.debug_abbrev)

.debug_line
 *(.debug_line)

.debug_frame
 *(.debug_frame)

.debug_str
 *(.debug_str)

.debug_loc
 *(.debug_loc)

.debug_macinfo
 *(.debug_macinfo)

.debug_weaknames
 *(.debug_weaknames)

.debug_funcnames
 *(.debug_funcnames)

.debug_typenames
 *(.debug_typenames)

.debug_varnames
 *(.debug_varnames)

.mdebug
 *(.mdebug)

.rel.text
 *(.rel.text)
 *(.rel.gnu.linkonce.t*)

.rela.text
 *(.rela.text)
 *(.rela.gnu.linkonce.t*)

.rel.data
 *(.rel.data)
 *(.rel.gnu.linkonce.d*)

.rela.data
 *(.rela.data)
 *(.rela.gnu.linkonce.d*)

.rel.sdata
 *(.rel.sdata)
 *(.rel.gnu.linkonce.s*)

.rela.sdata
 *(.rela.sdata)
 *(.rela.gnu.linkonce.s*)

.rel.rodata
 *(.rel.rodata)
 *(.rel.gnu.linkonce.r*)

.rela.rodata
 *(.rela.rodata)
 *(.rela.gnu.linkonce.r*)

.gptab.sdata
 *(.gptab.data)
 *(.gptab.sdata)

.gptab.sbss
 *(.gptab.bss)
 *(.gptab.sbss)
OUTPUT(test.axf elf32-bigmips)
