
Allocating common symbols
Common symbol       size              file

heap                0x4               Example.o
transactionId       0x4               Example.o

Memory Configuration

Name             Origin             Length             Attributes
*default*        0x00000000         0xffffffff

Linker script and memory map

Address of section .text set to 0x0
LOAD boot_os.o
LOAD Example.o

.text           0x00000000     0x16bc
                0x00000000                _ftext=.
 *(.text)
 .text          0x00000000      0x200 boot_os.o
                0x000001a8                longjmp
                0x00000000                entry
                0x00000170                setjmp
                0x0000004c                OS_GetHeap
                0x000001e0                OS_AsmMult
                0x00000080                interrupt_service_routine
                0x000001f4                OS_Syscall
                0x00000068                OS_AsmInterruptEnable
                0x0000005c                OS_DefaultISR
 .text          0x00000200     0x14bc Example.o
                0x00000e34                EthernetSetTxMacDest
                0x00000310                readChar
                0x00000a80                EthernetInterruptHandler
                0x00000df0                Checksum16
                0x00000200                print
                0x00000504                atoi_p
                0x0000066c                itoa_p
                0x00000ecc                CreatePingRequest
                0x0000155c                ProcessEthernetPacket
                0x0000112c                DoDhcp
                0x00001298                EthernetExercise
                0x00000440                xtoi
                0x00000264                write
                0x000009e0                ProcessIcmpPacket
                0x00000e50                FillIpHeader
                0x00000a00                ProcessTcpPacket
                0x0000039c                strncmp_p
                0x00000878                StackExercise
                0x00000238                printLine
                0x00000a20                ProcessUdpPacket
                0x000002c0                read
                0x00000a40                DefaultProcessIpPacket
                0x00000a60                ProcessArpPacket
                0x000004c4                dtoi
                0x00000358                writeChar
                0x00000f8c                CreateUdpPacket
                0x000013b0                main
                0x000007cc                InterruptServiceRoutine
                0x00000c74                CharToIp
                0x0000101c                CreateDhcpDiscover
                0x0000073c                itox
                0x000014b8                ProcessIpPacket
                0x0000079c                byteToHex
                0x00000d00                IpToHex
                0x000008c4                CreateIpFilter
                0x00000400                append
                0x00000954                ProcessDhcpPacket
                0x00000d7c                EthernetInit
                0x000008e8                PassesIpFilter
                0x000007f4                HeapExercise
                0x0000048c                btoi
 *(.stub)
 *(.gnu.warning)
 *(.gnu.linkonce.t*)
 *(.mips16.fn.*)
 *(.mips16.call.*)

.init
 *(.init)

.fini
 *(.fini)
                0x000016bc                _ecode=.

.reginfo        0x000016bc       0x18
 *(.reginfo)
 .reginfo       0x000016bc       0x18 boot_os.o
 .reginfo       0x000016d4       0x18 Example.o

.ctors
 *(.ctors)

.dtors
 *(.dtors)

.eh_frame
 *(.eh_frame)

.gcc_except_table
 *(.gcc_except_table)

.sdeinit
 *(.sdeinit)

.sdefini
 *(.sdefini)

.rodata         0x000016d4       0x9d
 *(.rodata)
 .rodata        0x000016d4       0x9d Example.o
                0x00001720                HexDigits
 *(.rdata)
 *(.gnu.linkonce.r*)

.rodata1
 *(.rodata1)
                0x00001771                _etext=.
                0x00001771                PROVIDE (etext, .)

.data           0x00001771        0xf
                0x00001771                _fdata=.
 *(.data)
 *fill*         0x00001771        0x3
 .data          0x00001774        0xc Example.o
                0x00001774                ipFilter
 *(.gnu.linkonce.d*)

.data1
 *(.data1)
                0x00009770                _gp=(.+0x7ff0)

.lit8
 *(.lit8)

.lit4
 *(.lit4)

.sdata          0x00001780       0x1c
 *(.sdata)
 .sdata         0x00001780       0x1c Example.o
                0x00001788                IrqVectorReg
                0x00001794                ipLease
                0x00001784                IrqStatusClrReg
                0x00001798                ownIpAddress
                0x0000178c                IrqMaskReg
                0x00001790                count
                0x00001780                IrqStatusReg
 *(.gnu.linkonce.s*)
                0x0000179c                _edata=.
                0x0000179c                PROVIDE (edata, .)
                0x000017a0                .=ALIGN(0x8)
                0x0000179c                __bss_start=.
                0x000017a0                _fbss=__bss_start

.sbss           0x000017a0        0x8
 *(.sbss)
 *(.scommon)
 .scommon       0x000017a0        0x8 Example.o
                0x000017a0                heap
                0x000017a4                transactionId

.bss            0x000017a8        0x0
 *(.dynbss)
 *(.bss)
 *(COMMON)
                0x000017a8                _end=.
                0x000017a8                PROVIDE (end, .)

.stab
 *(.stab)

.stabstr
 *(.stabstr)

.comment
 *(.comment)

.debug
 *(.debug)

.line
 *(.line)

.debug_srcinfo
 *(.debug_srcinfo)

.debug_sfnames
 *(.debug_sfnames)

.debug_aranges
 *(.debug_aranges)

.debug_pubnames
 *(.debug_pubnames)

.debug_info
 *(.debug_info)

.debug_abbrev
 *(.debug_abbrev)

.debug_line
 *(.debug_line)

.debug_frame
 *(.debug_frame)

.debug_str
 *(.debug_str)

.debug_loc
 *(.debug_loc)

.debug_macinfo
 *(.debug_macinfo)

.debug_weaknames
 *(.debug_weaknames)

.debug_funcnames
 *(.debug_funcnames)

.debug_typenames
 *(.debug_typenames)

.debug_varnames
 *(.debug_varnames)

.mdebug
 *(.mdebug)

.rel.text
 *(.rel.text)
 *(.rel.gnu.linkonce.t*)

.rela.text
 *(.rela.text)
 *(.rela.gnu.linkonce.t*)

.rel.data
 *(.rel.data)
 *(.rel.gnu.linkonce.d*)

.rela.data
 *(.rela.data)
 *(.rela.gnu.linkonce.d*)

.rel.sdata
 *(.rel.sdata)
 *(.rel.gnu.linkonce.s*)

.rela.sdata
 *(.rela.sdata)
 *(.rela.gnu.linkonce.s*)

.rel.rodata
 *(.rel.rodata)
 *(.rel.gnu.linkonce.r*)

.rela.rodata
 *(.rela.rodata)
 *(.rela.gnu.linkonce.r*)

.gptab.sdata
 *(.gptab.data)
 *(.gptab.sdata)

.gptab.sbss
 *(.gptab.bss)
 *(.gptab.sbss)
OUTPUT(test.axf elf32-bigmips)
