
Allocating common symbols
Common symbol       size              file

isrBuf              0x40              Example.o
mainBuf             0x40              Example.o
heap                0x4               Example.o
IpQueryStack        0x80              Example.o
transactionId       0x4               Example.o

Memory Configuration

Name             Origin             Length             Attributes
*default*        0x00000000         0xffffffff

Linker script and memory map

Address of section .text set to 0x0
LOAD boot_os.o
LOAD Example.o

.text           0x00000000     0x1e2c
                0x00000000                _ftext=.
 *(.text)
 .text          0x00000000      0x200 boot_os.o
                0x000001a8                longjmp
                0x00000000                entry
                0x00000170                setjmp
                0x0000004c                OS_GetHeap
                0x000001e0                OS_AsmMult
                0x00000080                interrupt_service_routine
                0x000001f4                OS_Syscall
                0x00000068                OS_AsmInterruptEnable
                0x0000005c                OS_DefaultISR
 .text          0x00000200     0x1c2c Example.o
                0x00000bfc                EthernetSetTxMacDest
                0x00000310                readChar
                0x000009fc                EthernetInterruptHandler
                0x00000bb8                Checksum16
                0x00000200                print
                0x00000504                atoi_p
                0x0000066c                itoa_p
                0x000019fc                IPv4StackExercise
                0x000012b8                CreatePingRequest
                0x00001da4                ProcessEthernetPacket
                0x00000ce8                CopyIpFilter
                0x00001580                DoDhcp
                0x000014fc                ChangeToDhcpRequest
                0x00000440                xtoi
                0x00000264                write
                0x00000f60                ProcessIcmpPacket
                0x0000123c                FillIpHeader
                0x00001014                ProcessTcpPacket
                0x0000039c                strncmp_p
                0x00000828                StackExercise
                0x00000238                printLine
                0x00001068                ProcessUdpPacket
                0x000002c0                read
                0x00001118                DefaultProcessIpPacket
                0x00000c30                WaitForTxToFinish
                0x00001174                ProcessArpPacket
                0x000004c4                dtoi
                0x00000358                writeChar
                0x00001378                CreateUdpPacket
                0x00001b68                main
                0x00000800                InterruptServiceRoutine
                0x000017a4                SendArpReply
                0x000008f8                CharToIp
                0x0000079c                bytesToHex
                0x00001408                CreateDhcpDiscover
                0x0000073c                itox
                0x00001c88                ProcessIpPacket
                0x00000b74                EthernetInitIrq
                0x000018dc                ServiceIpQueryStack
                0x00000984                IpToHex
                0x00000cc4                CreateIpFilter
                0x00000400                append
                0x00000d78                ProcessDhcpPacket
                0x00000b28                EthernetInit
                0x00000d0c                PassesIpFilter
                0x00000874                HeapExercise
                0x00000c70                SendBufferedPacket
                0x0000048c                btoi
 *(.stub)
 *(.gnu.warning)
 *(.gnu.linkonce.t*)
 *(.mips16.fn.*)
 *(.mips16.call.*)

.init
 *(.init)

.fini
 *(.fini)
                0x00001e2c                _ecode=.

.reginfo        0x00001e2c       0x18
 *(.reginfo)
 .reginfo       0x00001e2c       0x18 boot_os.o
 .reginfo       0x00001e44       0x18 Example.o

.ctors
 *(.ctors)

.dtors
 *(.dtors)

.eh_frame
 *(.eh_frame)

.gcc_except_table
 *(.gcc_except_table)

.sdeinit
 *(.sdeinit)

.sdefini
 *(.sdefini)

.rodata         0x00001e44       0xd5
 *(.rodata)
 .rodata        0x00001e44       0xd5 Example.o
                0x00001e90                HexDigits
 *(.rdata)
 *(.gnu.linkonce.r*)

.rodata1
 *(.rodata1)
                0x00001f19                _etext=.
                0x00001f19                PROVIDE (etext, .)

.data           0x00001f19        0xf
                0x00001f19                _fdata=.
 *(.data)
 *fill*         0x00001f19        0x3
 .data          0x00001f1c        0xc Example.o
                0x00001f1c                ipFilter
 *(.gnu.linkonce.d*)

.data1
 *(.data1)
                0x00009f18                _gp=(.+0x7ff0)

.lit8
 *(.lit8)

.lit4
 *(.lit4)

.sdata          0x00001f28       0x2c
 *(.sdata)
 .sdata         0x00001f28       0x2c Example.o
                0x00001f34                IrqVectorReg
                0x00001f40                ipLease
                0x00001f30                IrqStatusClrReg
                0x00001f4c                dhcpServerIp
                0x00001f44                ownIpAddress
                0x00001f38                IrqMaskReg
                0x00001f3c                count
                0x00001f28                ReadOnlyMemoryGuard
                0x00001f50                IpQueryStackIndex
                0x00001f2c                IrqStatusReg
                0x00001f48                DhcpState
 *(.gnu.linkonce.s*)
                0x00001f54                _edata=.
                0x00001f54                PROVIDE (edata, .)
                0x00001f58                .=ALIGN(0x8)
                0x00001f54                __bss_start=.
                0x00001f58                _fbss=__bss_start

.sbss           0x00001f58        0x8
 *(.sbss)
 *(.scommon)
 .scommon       0x00001f58        0x8 Example.o
                0x00001f58                heap
                0x00001f5c                transactionId

.bss            0x00001f60      0x100
 *(.dynbss)
 *(.bss)
 *(COMMON)
 COMMON         0x00001f60      0x100 Example.o
                0x00001f60                isrBuf
                0x00001fa0                mainBuf
                0x00001fe0                IpQueryStack
                0x00002060                _end=.
                0x00002060                PROVIDE (end, .)

.stab
 *(.stab)

.stabstr
 *(.stabstr)

.comment
 *(.comment)

.debug
 *(.debug)

.line
 *(.line)

.debug_srcinfo
 *(.debug_srcinfo)

.debug_sfnames
 *(.debug_sfnames)

.debug_aranges
 *(.debug_aranges)

.debug_pubnames
 *(.debug_pubnames)

.debug_info
 *(.debug_info)

.debug_abbrev
 *(.debug_abbrev)

.debug_line
 *(.debug_line)

.debug_frame
 *(.debug_frame)

.debug_str
 *(.debug_str)

.debug_loc
 *(.debug_loc)

.debug_macinfo
 *(.debug_macinfo)

.debug_weaknames
 *(.debug_weaknames)

.debug_funcnames
 *(.debug_funcnames)

.debug_typenames
 *(.debug_typenames)

.debug_varnames
 *(.debug_varnames)

.mdebug
 *(.mdebug)

.rel.text
 *(.rel.text)
 *(.rel.gnu.linkonce.t*)

.rela.text
 *(.rela.text)
 *(.rela.gnu.linkonce.t*)

.rel.data
 *(.rel.data)
 *(.rel.gnu.linkonce.d*)

.rela.data
 *(.rela.data)
 *(.rela.gnu.linkonce.d*)

.rel.sdata
 *(.rel.sdata)
 *(.rel.gnu.linkonce.s*)

.rela.sdata
 *(.rela.sdata)
 *(.rela.gnu.linkonce.s*)

.rel.rodata
 *(.rel.rodata)
 *(.rel.gnu.linkonce.r*)

.rela.rodata
 *(.rela.rodata)
 *(.rela.gnu.linkonce.r*)

.gptab.sdata
 *(.gptab.data)
 *(.gptab.sdata)

.gptab.sbss
 *(.gptab.bss)
 *(.gptab.sbss)
OUTPUT(Example_boot.axf elf32-bigmips)
