
Allocating common symbols
Common symbol       size              file

heap                0x4               Example.o

Memory Configuration

Name             Origin             Length             Attributes
*default*        0x00000000         0xffffffff

Linker script and memory map

Address of section .text set to 0x0
LOAD boot_os.o
LOAD Example.o

.text           0x00000000      0xbd8
                0x00000000                _ftext=.
 *(.text)
 .text          0x00000000      0x200 boot_os.o
                0x000001a8                longjmp
                0x00000000                entry
                0x00000170                setjmp
                0x00000048                OS_GetHeap
                0x000001e0                OS_AsmMult
                0x00000080                interrupt_service_routine
                0x000001f4                OS_Syscall
                0x00000064                OS_AsmInterruptEnable
                0x00000058                OS_DefaultISR
 .text          0x00000200      0x9d8 Example.o
                0x00000310                readChar
                0x00000200                print
                0x00000504                atoi_p
                0x0000066c                itoa_p
                0x00000894                EthernetExercise
                0x00000440                xtoi
                0x00000264                write
                0x0000039c                strncmp_p
                0x00000848                StackExercise
                0x00000238                printLine
                0x000002c0                read
                0x000004c4                dtoi
                0x00000358                writeChar
                0x00000ad0                main
                0x0000079c                InterruptServiceRoutine
                0x0000073c                itox
                0x00000400                append
                0x000007c4                HeapExercise
                0x0000048c                btoi
 *(.stub)
 *(.gnu.warning)
 *(.gnu.linkonce.t*)
 *(.mips16.fn.*)
 *(.mips16.call.*)

.init
 *(.init)

.fini
 *(.fini)
                0x00000bd8                _ecode=.

.reginfo        0x00000bd8       0x18
 *(.reginfo)
 .reginfo       0x00000bd8       0x18 boot_os.o
 .reginfo       0x00000bf0       0x18 Example.o

.ctors
 *(.ctors)

.dtors
 *(.dtors)

.eh_frame
 *(.eh_frame)

.gcc_except_table
 *(.gcc_except_table)

.sdeinit
 *(.sdeinit)

.sdefini
 *(.sdefini)

.rodata         0x00000bf0       0x89
 *(.rodata)
 .rodata        0x00000bf0       0x89 Example.o
 *(.rdata)
 *(.gnu.linkonce.r*)

.rodata1
 *(.rodata1)
                0x00000c79                _etext=.
                0x00000c79                PROVIDE (etext, .)

.data           0x00000c79        0x0
                0x00000c79                _fdata=.
 *(.data)
 *(.gnu.linkonce.d*)

.data1
 *(.data1)
                0x00008c69                _gp=(.+0x7ff0)

.lit8
 *(.lit8)

.lit4
 *(.lit4)

.sdata          0x00000c7c        0x4
 *(.sdata)
 .sdata         0x00000c7c        0x4 Example.o
                0x00000c7c                count
 *(.gnu.linkonce.s*)
                0x00000c80                _edata=.
                0x00000c80                PROVIDE (edata, .)
                0x00000c80                .=ALIGN(0x8)
                0x00000c80                __bss_start=.
                0x00000c80                _fbss=__bss_start

.sbss           0x00000c80        0x4
 *(.sbss)
 *(.scommon)
 .scommon       0x00000c80        0x4 Example.o
                0x00000c80                heap

.bss            0x00000c84        0x0
 *(.dynbss)
 *(.bss)
 *(COMMON)
                0x00000c84                _end=.
                0x00000c84                PROVIDE (end, .)

.stab
 *(.stab)

.stabstr
 *(.stabstr)

.comment
 *(.comment)

.debug
 *(.debug)

.line
 *(.line)

.debug_srcinfo
 *(.debug_srcinfo)

.debug_sfnames
 *(.debug_sfnames)

.debug_aranges
 *(.debug_aranges)

.debug_pubnames
 *(.debug_pubnames)

.debug_info
 *(.debug_info)

.debug_abbrev
 *(.debug_abbrev)

.debug_line
 *(.debug_line)

.debug_frame
 *(.debug_frame)

.debug_str
 *(.debug_str)

.debug_loc
 *(.debug_loc)

.debug_macinfo
 *(.debug_macinfo)

.debug_weaknames
 *(.debug_weaknames)

.debug_funcnames
 *(.debug_funcnames)

.debug_typenames
 *(.debug_typenames)

.debug_varnames
 *(.debug_varnames)

.mdebug
 *(.mdebug)

.rel.text
 *(.rel.text)
 *(.rel.gnu.linkonce.t*)

.rela.text
 *(.rela.text)
 *(.rela.gnu.linkonce.t*)

.rel.data
 *(.rel.data)
 *(.rel.gnu.linkonce.d*)

.rela.data
 *(.rela.data)
 *(.rela.gnu.linkonce.d*)

.rel.sdata
 *(.rel.sdata)
 *(.rel.gnu.linkonce.s*)

.rela.sdata
 *(.rela.sdata)
 *(.rela.gnu.linkonce.s*)

.rel.rodata
 *(.rel.rodata)
 *(.rel.gnu.linkonce.r*)

.rela.rodata
 *(.rela.rodata)
 *(.rela.gnu.linkonce.r*)

.gptab.sdata
 *(.gptab.data)
 *(.gptab.sdata)

.gptab.sbss
 *(.gptab.bss)
 *(.gptab.sbss)
OUTPUT(test.axf elf32-bigmips)
