
Allocating common symbols
Common symbol       size              file

isrBuf              0x40              Example.o
mainBuf             0x40              Example.o
heap                0x4               Example.o
IpQueryStack        0x80              Example.o
transactionId       0x4               Example.o

Memory Configuration

Name             Origin             Length             Attributes
*default*        0x00000000         0xffffffff

Linker script and memory map

Address of section .text set to 0x0
LOAD boot_os.o
LOAD Example.o

.text           0x00000000     0x2188
                0x00000000                _ftext=.
 *(.text)
 .text          0x00000000      0x200 boot_os.o
                0x000001a8                longjmp
                0x00000000                entry
                0x00000170                setjmp
                0x0000004c                OS_GetHeap
                0x000001e0                OS_AsmMult
                0x00000080                interrupt_service_routine
                0x000001f4                OS_Syscall
                0x00000068                OS_AsmInterruptEnable
                0x0000005c                OS_DefaultISR
 .text          0x00000200     0x1f88 Example.o
                0x00001310                EthernetSetTxMacDest
                0x00000310                readChar
                0x00000f74                EthernetInterruptHandler
                0x000012cc                Checksum16
                0x00000200                print
                0x00000504                atoi_p
                0x0000066c                itoa_p
                0x000013c0                CreatePingRequest
                0x00001f40                ProcessEthernetPacket
                0x0000091c                CopyIpFilter
                0x00001688                DoDhcp
                0x00001b98                EthernetExercise
                0x00001604                ChangeToDhcpRequest
                0x00000440                xtoi
                0x00000264                write
                0x00000c98                ProcessIcmpPacket
                0x00001344                FillIpHeader
                0x00000d4c                ProcessTcpPacket
                0x0000039c                strncmp_p
                0x00000828                StackExercise
                0x00000238                printLine
                0x00000da0                ProcessUdpPacket
                0x000002c0                read
                0x00000e50                DefaultProcessIpPacket
                0x000018ac                WaitForTxToFinish
                0x00000eac                ProcessArpPacket
                0x000004c4                dtoi
                0x00000358                writeChar
                0x00001480                CreateUdpPacket
                0x00001d04                main
                0x00000800                InterruptServiceRoutine
                0x00001940                SendArpReply
                0x000009ac                CharToIp
                0x0000079c                bytesToHex
                0x00001510                CreateDhcpDiscover
                0x0000073c                itox
                0x00001e24                ProcessIpPacket
                0x00001a78                ServiceIpQueryStack
                0x00000a38                IpToHex
                0x000008f8                CreateIpFilter
                0x00000400                append
                0x00000ab0                ProcessDhcpPacket
                0x00001240                EthernetInit
                0x00000940                PassesIpFilter
                0x00000874                HeapExercise
                0x000018ec                SendBufferedPacket
                0x0000048c                btoi
 *(.stub)
 *(.gnu.warning)
 *(.gnu.linkonce.t*)
 *(.mips16.fn.*)
 *(.mips16.call.*)

.init
 *(.init)

.fini
 *(.fini)
                0x00002188                _ecode=.

.reginfo        0x00002188       0x18
 *(.reginfo)
 .reginfo       0x00002188       0x18 boot_os.o
 .reginfo       0x000021a0       0x18 Example.o

.ctors
 *(.ctors)

.dtors
 *(.dtors)

.eh_frame
 *(.eh_frame)

.gcc_except_table
 *(.gcc_except_table)

.sdeinit
 *(.sdeinit)

.sdefini
 *(.sdefini)

.rodata         0x000021a0       0xd5
 *(.rodata)
 .rodata        0x000021a0       0xd5 Example.o
                0x000021ec                HexDigits
 *(.rdata)
 *(.gnu.linkonce.r*)

.rodata1
 *(.rodata1)
                0x00002275                _etext=.
                0x00002275                PROVIDE (etext, .)

.data           0x00002275        0xf
                0x00002275                _fdata=.
 *(.data)
 *fill*         0x00002275        0x3
 .data          0x00002278        0xc Example.o
                0x00002278                ipFilter
 *(.gnu.linkonce.d*)

.data1
 *(.data1)
                0x0000a274                _gp=(.+0x7ff0)

.lit8
 *(.lit8)

.lit4
 *(.lit4)

.sdata          0x00002284       0x2c
 *(.sdata)
 .sdata         0x00002284       0x2c Example.o
                0x00002290                IrqVectorReg
                0x0000229c                ipLease
                0x0000228c                IrqStatusClrReg
                0x000022a8                dhcpServerIp
                0x000022a0                ownIpAddress
                0x00002294                IrqMaskReg
                0x00002298                count
                0x00002284                ReadOnlyMemoryGuard
                0x000022ac                IpQueryStackIndex
                0x00002288                IrqStatusReg
                0x000022a4                DhcpState
 *(.gnu.linkonce.s*)
                0x000022b0                _edata=.
                0x000022b0                PROVIDE (edata, .)
                0x000022b0                .=ALIGN(0x8)
                0x000022b0                __bss_start=.
                0x000022b0                _fbss=__bss_start

.sbss           0x000022b0        0x8
 *(.sbss)
 *(.scommon)
 .scommon       0x000022b0        0x8 Example.o
                0x000022b0                heap
                0x000022b4                transactionId

.bss            0x000022c0      0x100
 *(.dynbss)
 *(.bss)
 *(COMMON)
 COMMON         0x000022c0      0x100 Example.o
                0x000022c0                isrBuf
                0x00002300                mainBuf
                0x00002340                IpQueryStack
                0x000023c0                _end=.
                0x000023c0                PROVIDE (end, .)

.stab
 *(.stab)

.stabstr
 *(.stabstr)

.comment
 *(.comment)

.debug
 *(.debug)

.line
 *(.line)

.debug_srcinfo
 *(.debug_srcinfo)

.debug_sfnames
 *(.debug_sfnames)

.debug_aranges
 *(.debug_aranges)

.debug_pubnames
 *(.debug_pubnames)

.debug_info
 *(.debug_info)

.debug_abbrev
 *(.debug_abbrev)

.debug_line
 *(.debug_line)

.debug_frame
 *(.debug_frame)

.debug_str
 *(.debug_str)

.debug_loc
 *(.debug_loc)

.debug_macinfo
 *(.debug_macinfo)

.debug_weaknames
 *(.debug_weaknames)

.debug_funcnames
 *(.debug_funcnames)

.debug_typenames
 *(.debug_typenames)

.debug_varnames
 *(.debug_varnames)

.mdebug
 *(.mdebug)

.rel.text
 *(.rel.text)
 *(.rel.gnu.linkonce.t*)

.rela.text
 *(.rela.text)
 *(.rela.gnu.linkonce.t*)

.rel.data
 *(.rel.data)
 *(.rel.gnu.linkonce.d*)

.rela.data
 *(.rela.data)
 *(.rela.gnu.linkonce.d*)

.rel.sdata
 *(.rel.sdata)
 *(.rel.gnu.linkonce.s*)

.rela.sdata
 *(.rela.sdata)
 *(.rela.gnu.linkonce.s*)

.rel.rodata
 *(.rel.rodata)
 *(.rel.gnu.linkonce.r*)

.rela.rodata
 *(.rela.rodata)
 *(.rela.gnu.linkonce.r*)

.gptab.sdata
 *(.gptab.data)
 *(.gptab.sdata)

.gptab.sbss
 *(.gptab.bss)
 *(.gptab.sbss)
OUTPUT(Example_boot.axf elf32-bigmips)
