
Allocating common symbols
Common symbol       size              file

heap                0x4               Example.o
transactionId       0x4               Example.o

Memory Configuration

Name             Origin             Length             Attributes
*default*        0x00000000         0xffffffff

Linker script and memory map

Address of section .text set to 0x40000000
LOAD boot_os.o
LOAD Example.o

.text           0x40000000     0x16bc
                0x40000000                _ftext=.
 *(.text)
 .text          0x40000000      0x200 boot_os.o
                0x400001a8                longjmp
                0x40000000                entry
                0x40000170                setjmp
                0x4000004c                OS_GetHeap
                0x400001e0                OS_AsmMult
                0x40000080                interrupt_service_routine
                0x400001f4                OS_Syscall
                0x40000068                OS_AsmInterruptEnable
                0x4000005c                OS_DefaultISR
 .text          0x40000200     0x14bc Example.o
                0x40000e34                EthernetSetTxMacDest
                0x40000310                readChar
                0x40000a80                EthernetInterruptHandler
                0x40000df0                Checksum16
                0x40000200                print
                0x40000504                atoi_p
                0x4000066c                itoa_p
                0x40000ecc                CreatePingRequest
                0x4000155c                ProcessEthernetPacket
                0x4000112c                DoDhcp
                0x40001298                EthernetExercise
                0x40000440                xtoi
                0x40000264                write
                0x400009e0                ProcessIcmpPacket
                0x40000e50                FillIpHeader
                0x40000a00                ProcessTcpPacket
                0x4000039c                strncmp_p
                0x40000878                StackExercise
                0x40000238                printLine
                0x40000a20                ProcessUdpPacket
                0x400002c0                read
                0x40000a40                DefaultProcessIpPacket
                0x40000a60                ProcessArpPacket
                0x400004c4                dtoi
                0x40000358                writeChar
                0x40000f8c                CreateUdpPacket
                0x400013b0                main
                0x400007cc                InterruptServiceRoutine
                0x40000c74                CharToIp
                0x4000101c                CreateDhcpDiscover
                0x4000073c                itox
                0x400014b8                ProcessIpPacket
                0x4000079c                byteToHex
                0x40000d00                IpToHex
                0x400008c4                CreateIpFilter
                0x40000400                append
                0x40000954                ProcessDhcpPacket
                0x40000d7c                EthernetInit
                0x400008e8                PassesIpFilter
                0x400007f4                HeapExercise
                0x4000048c                btoi
 *(.stub)
 *(.gnu.warning)
 *(.gnu.linkonce.t*)
 *(.mips16.fn.*)
 *(.mips16.call.*)

.init
 *(.init)

.fini
 *(.fini)
                0x400016bc                _ecode=.

.reginfo        0x400016bc       0x18
 *(.reginfo)
 .reginfo       0x400016bc       0x18 boot_os.o
 .reginfo       0x400016d4       0x18 Example.o

.ctors
 *(.ctors)

.dtors
 *(.dtors)

.eh_frame
 *(.eh_frame)

.gcc_except_table
 *(.gcc_except_table)

.sdeinit
 *(.sdeinit)

.sdefini
 *(.sdefini)

.rodata         0x400016d4       0x9d
 *(.rodata)
 .rodata        0x400016d4       0x9d Example.o
                0x40001720                HexDigits
 *(.rdata)
 *(.gnu.linkonce.r*)

.rodata1
 *(.rodata1)
                0x40001771                _etext=.
                0x40001771                PROVIDE (etext, .)

.data           0x40001771        0xf
                0x40001771                _fdata=.
 *(.data)
 *fill*         0x40001771        0x3
 .data          0x40001774        0xc Example.o
                0x40001774                ipFilter
 *(.gnu.linkonce.d*)

.data1
 *(.data1)
                0x40009770                _gp=(.+0x7ff0)

.lit8
 *(.lit8)

.lit4
 *(.lit4)

.sdata          0x40001780       0x1c
 *(.sdata)
 .sdata         0x40001780       0x1c Example.o
                0x40001788                IrqVectorReg
                0x40001794                ipLease
                0x40001784                IrqStatusClrReg
                0x40001798                ownIpAddress
                0x4000178c                IrqMaskReg
                0x40001790                count
                0x40001780                IrqStatusReg
 *(.gnu.linkonce.s*)
                0x4000179c                _edata=.
                0x4000179c                PROVIDE (edata, .)
                0x400017a0                .=ALIGN(0x8)
                0x4000179c                __bss_start=.
                0x400017a0                _fbss=__bss_start

.sbss           0x400017a0        0x8
 *(.sbss)
 *(.scommon)
 .scommon       0x400017a0        0x8 Example.o
                0x400017a0                heap
                0x400017a4                transactionId

.bss            0x400017a8        0x0
 *(.dynbss)
 *(.bss)
 *(COMMON)
                0x400017a8                _end=.
                0x400017a8                PROVIDE (end, .)

.stab
 *(.stab)

.stabstr
 *(.stabstr)

.comment
 *(.comment)

.debug
 *(.debug)

.line
 *(.line)

.debug_srcinfo
 *(.debug_srcinfo)

.debug_sfnames
 *(.debug_sfnames)

.debug_aranges
 *(.debug_aranges)

.debug_pubnames
 *(.debug_pubnames)

.debug_info
 *(.debug_info)

.debug_abbrev
 *(.debug_abbrev)

.debug_line
 *(.debug_line)

.debug_frame
 *(.debug_frame)

.debug_str
 *(.debug_str)

.debug_loc
 *(.debug_loc)

.debug_macinfo
 *(.debug_macinfo)

.debug_weaknames
 *(.debug_weaknames)

.debug_funcnames
 *(.debug_funcnames)

.debug_typenames
 *(.debug_typenames)

.debug_varnames
 *(.debug_varnames)

.mdebug
 *(.mdebug)

.rel.text
 *(.rel.text)
 *(.rel.gnu.linkonce.t*)

.rela.text
 *(.rela.text)
 *(.rela.gnu.linkonce.t*)

.rel.data
 *(.rel.data)
 *(.rel.gnu.linkonce.d*)

.rela.data
 *(.rela.data)
 *(.rela.gnu.linkonce.d*)

.rel.sdata
 *(.rel.sdata)
 *(.rel.gnu.linkonce.s*)

.rela.sdata
 *(.rela.sdata)
 *(.rela.gnu.linkonce.s*)

.rel.rodata
 *(.rel.rodata)
 *(.rel.gnu.linkonce.r*)

.rela.rodata
 *(.rela.rodata)
 *(.rela.gnu.linkonce.r*)

.gptab.sdata
 *(.gptab.data)
 *(.gptab.sdata)

.gptab.sbss
 *(.gptab.bss)
 *(.gptab.sbss)
OUTPUT(Example.axf elf32-bigmips)
