
Allocating common symbols
Common symbol       size              file

isrBuf              0x40              Example.o
mainBuf             0x40              Example.o
heap                0x4               Example.o
IpQueryStack        0x80              Example.o
transactionId       0x4               Example.o

Memory Configuration

Name             Origin             Length             Attributes
*default*        0x00000000         0xffffffff

Linker script and memory map

Address of section .text set to 0x40000000
LOAD boot_os.o
LOAD Example.o

.text           0x40000000     0x2188
                0x40000000                _ftext=.
 *(.text)
 .text          0x40000000      0x200 boot_os.o
                0x400001a8                longjmp
                0x40000000                entry
                0x40000170                setjmp
                0x4000004c                OS_GetHeap
                0x400001e0                OS_AsmMult
                0x40000080                interrupt_service_routine
                0x400001f4                OS_Syscall
                0x40000068                OS_AsmInterruptEnable
                0x4000005c                OS_DefaultISR
 .text          0x40000200     0x1f88 Example.o
                0x40001310                EthernetSetTxMacDest
                0x40000310                readChar
                0x40000f74                EthernetInterruptHandler
                0x400012cc                Checksum16
                0x40000200                print
                0x40000504                atoi_p
                0x4000066c                itoa_p
                0x400013c0                CreatePingRequest
                0x40001f40                ProcessEthernetPacket
                0x4000091c                CopyIpFilter
                0x40001688                DoDhcp
                0x40001b98                EthernetExercise
                0x40001604                ChangeToDhcpRequest
                0x40000440                xtoi
                0x40000264                write
                0x40000c98                ProcessIcmpPacket
                0x40001344                FillIpHeader
                0x40000d4c                ProcessTcpPacket
                0x4000039c                strncmp_p
                0x40000828                StackExercise
                0x40000238                printLine
                0x40000da0                ProcessUdpPacket
                0x400002c0                read
                0x40000e50                DefaultProcessIpPacket
                0x400018ac                WaitForTxToFinish
                0x40000eac                ProcessArpPacket
                0x400004c4                dtoi
                0x40000358                writeChar
                0x40001480                CreateUdpPacket
                0x40001d04                main
                0x40000800                InterruptServiceRoutine
                0x40001940                SendArpReply
                0x400009ac                CharToIp
                0x4000079c                bytesToHex
                0x40001510                CreateDhcpDiscover
                0x4000073c                itox
                0x40001e24                ProcessIpPacket
                0x40001a78                ServiceIpQueryStack
                0x40000a38                IpToHex
                0x400008f8                CreateIpFilter
                0x40000400                append
                0x40000ab0                ProcessDhcpPacket
                0x40001240                EthernetInit
                0x40000940                PassesIpFilter
                0x40000874                HeapExercise
                0x400018ec                SendBufferedPacket
                0x4000048c                btoi
 *(.stub)
 *(.gnu.warning)
 *(.gnu.linkonce.t*)
 *(.mips16.fn.*)
 *(.mips16.call.*)

.init
 *(.init)

.fini
 *(.fini)
                0x40002188                _ecode=.

.reginfo        0x40002188       0x18
 *(.reginfo)
 .reginfo       0x40002188       0x18 boot_os.o
 .reginfo       0x400021a0       0x18 Example.o

.ctors
 *(.ctors)

.dtors
 *(.dtors)

.eh_frame
 *(.eh_frame)

.gcc_except_table
 *(.gcc_except_table)

.sdeinit
 *(.sdeinit)

.sdefini
 *(.sdefini)

.rodata         0x400021a0       0xd5
 *(.rodata)
 .rodata        0x400021a0       0xd5 Example.o
                0x400021ec                HexDigits
 *(.rdata)
 *(.gnu.linkonce.r*)

.rodata1
 *(.rodata1)
                0x40002275                _etext=.
                0x40002275                PROVIDE (etext, .)

.data           0x40002275        0xf
                0x40002275                _fdata=.
 *(.data)
 *fill*         0x40002275        0x3
 .data          0x40002278        0xc Example.o
                0x40002278                ipFilter
 *(.gnu.linkonce.d*)

.data1
 *(.data1)
                0x4000a274                _gp=(.+0x7ff0)

.lit8
 *(.lit8)

.lit4
 *(.lit4)

.sdata          0x40002284       0x2c
 *(.sdata)
 .sdata         0x40002284       0x2c Example.o
                0x40002290                IrqVectorReg
                0x4000229c                ipLease
                0x4000228c                IrqStatusClrReg
                0x400022a8                dhcpServerIp
                0x400022a0                ownIpAddress
                0x40002294                IrqMaskReg
                0x40002298                count
                0x40002284                ReadOnlyMemoryGuard
                0x400022ac                IpQueryStackIndex
                0x40002288                IrqStatusReg
                0x400022a4                DhcpState
 *(.gnu.linkonce.s*)
                0x400022b0                _edata=.
                0x400022b0                PROVIDE (edata, .)
                0x400022b0                .=ALIGN(0x8)
                0x400022b0                __bss_start=.
                0x400022b0                _fbss=__bss_start

.sbss           0x400022b0        0x8
 *(.sbss)
 *(.scommon)
 .scommon       0x400022b0        0x8 Example.o
                0x400022b0                heap
                0x400022b4                transactionId

.bss            0x400022c0      0x100
 *(.dynbss)
 *(.bss)
 *(COMMON)
 COMMON         0x400022c0      0x100 Example.o
                0x400022c0                isrBuf
                0x40002300                mainBuf
                0x40002340                IpQueryStack
                0x400023c0                _end=.
                0x400023c0                PROVIDE (end, .)

.stab
 *(.stab)

.stabstr
 *(.stabstr)

.comment
 *(.comment)

.debug
 *(.debug)

.line
 *(.line)

.debug_srcinfo
 *(.debug_srcinfo)

.debug_sfnames
 *(.debug_sfnames)

.debug_aranges
 *(.debug_aranges)

.debug_pubnames
 *(.debug_pubnames)

.debug_info
 *(.debug_info)

.debug_abbrev
 *(.debug_abbrev)

.debug_line
 *(.debug_line)

.debug_frame
 *(.debug_frame)

.debug_str
 *(.debug_str)

.debug_loc
 *(.debug_loc)

.debug_macinfo
 *(.debug_macinfo)

.debug_weaknames
 *(.debug_weaknames)

.debug_funcnames
 *(.debug_funcnames)

.debug_typenames
 *(.debug_typenames)

.debug_varnames
 *(.debug_varnames)

.mdebug
 *(.mdebug)

.rel.text
 *(.rel.text)
 *(.rel.gnu.linkonce.t*)

.rela.text
 *(.rela.text)
 *(.rela.gnu.linkonce.t*)

.rel.data
 *(.rel.data)
 *(.rel.gnu.linkonce.d*)

.rela.data
 *(.rela.data)
 *(.rela.gnu.linkonce.d*)

.rel.sdata
 *(.rel.sdata)
 *(.rel.gnu.linkonce.s*)

.rela.sdata
 *(.rela.sdata)
 *(.rela.gnu.linkonce.s*)

.rel.rodata
 *(.rel.rodata)
 *(.rel.gnu.linkonce.r*)

.rela.rodata
 *(.rela.rodata)
 *(.rela.gnu.linkonce.r*)

.gptab.sdata
 *(.gptab.data)
 *(.gptab.sdata)

.gptab.sbss
 *(.gptab.bss)
 *(.gptab.sbss)
OUTPUT(Example.axf elf32-bigmips)
